[2026-02-06 07:58:02] INFO: Initializing database...
[2026-02-06 07:58:02] INFO: Initializing database connection | {"path":"D:\\programming\\github\\Employee-Churn-Prediction\\hr-analytics\\server\\data\\hr_analytics.db"}
[2026-02-06 07:58:02] INFO: Loaded existing database
[2026-02-06 07:58:02] INFO: Database connection established successfully
[2026-02-06 07:58:02] INFO: Running database migrations...
[2026-02-06 07:58:02] INFO: Starting database migrations...
[2026-02-06 07:58:02] DEBUG: Migration 1/69 completed
[2026-02-06 07:58:02] DEBUG: Migration 2/69 completed
[2026-02-06 07:58:02] DEBUG: Migration 3/69 completed
[2026-02-06 07:58:02] DEBUG: Migration 4/69 completed
[2026-02-06 07:58:02] DEBUG: Migration 5/69 completed
[2026-02-06 07:58:02] DEBUG: Migration 6/69 completed
[2026-02-06 07:58:02] DEBUG: Migration 7/69 completed
[2026-02-06 07:58:02] DEBUG: Migration 8/69 completed
[2026-02-06 07:58:02] DEBUG: Migration 9/69 completed
[2026-02-06 07:58:02] DEBUG: Migration 10/69 completed
[2026-02-06 07:58:02] DEBUG: Migration 11/69 completed
[2026-02-06 07:58:02] DEBUG: Migration 12/69 completed
[2026-02-06 07:58:02] DEBUG: Migration 13/69 completed
[2026-02-06 07:58:02] DEBUG: Migration 14/69 completed
[2026-02-06 07:58:02] DEBUG: Migration 15/69 completed
[2026-02-06 07:58:02] DEBUG: Migration 16/69 completed
[2026-02-06 07:58:02] DEBUG: Migration 17/69 completed
[2026-02-06 07:58:02] DEBUG: Migration 18/69 completed
[2026-02-06 07:58:02] DEBUG: Migration 19/69 completed
[2026-02-06 07:58:02] DEBUG: Migration 20/69 completed
[2026-02-06 07:58:02] DEBUG: Migration 21/69 completed
[2026-02-06 07:58:02] DEBUG: Migration 22/69 completed
[2026-02-06 07:58:02] DEBUG: Migration 23/69 completed
[2026-02-06 07:58:02] DEBUG: Migration 24/69 completed
[2026-02-06 07:58:02] DEBUG: Migration 25/69 completed
[2026-02-06 07:58:02] DEBUG: Migration 26/69 completed
[2026-02-06 07:58:02] DEBUG: Migration 27/69 completed
[2026-02-06 07:58:02] DEBUG: Migration 28/69 completed
[2026-02-06 07:58:02] DEBUG: Migration 29/69 completed
[2026-02-06 07:58:02] DEBUG: Migration 30/69 completed
[2026-02-06 07:58:02] DEBUG: Migration 31/69 completed
[2026-02-06 07:58:02] DEBUG: Migration 32/69 completed
[2026-02-06 07:58:02] DEBUG: Migration 33/69 completed
[2026-02-06 07:58:02] DEBUG: Migration 34/69 completed
[2026-02-06 07:58:02] DEBUG: Migration 35/69 completed
[2026-02-06 07:58:02] DEBUG: Migration 36/69 completed
[2026-02-06 07:58:02] DEBUG: Migration 37/69 completed
[2026-02-06 07:58:02] DEBUG: Migration 38/69 completed
[2026-02-06 07:58:02] DEBUG: Migration 39/69 completed
[2026-02-06 07:58:02] DEBUG: Migration 40/69 completed
[2026-02-06 07:58:02] DEBUG: Migration 41/69 completed
[2026-02-06 07:58:02] DEBUG: Migration 42/69 completed
[2026-02-06 07:58:02] DEBUG: Migration 43/69 completed
[2026-02-06 07:58:02] DEBUG: Migration 44/69 skipped (column already exists)
[2026-02-06 07:58:02] DEBUG: Migration 45/69 skipped (column already exists)
[2026-02-06 07:58:02] DEBUG: Migration 46/69 skipped (column already exists)
[2026-02-06 07:58:02] DEBUG: Migration 47/69 completed
[2026-02-06 07:58:02] DEBUG: Migration 48/69 completed
[2026-02-06 07:58:02] DEBUG: Migration 49/69 skipped (column already exists)
[2026-02-06 07:58:02] DEBUG: Migration 50/69 skipped (column already exists)
[2026-02-06 07:58:02] DEBUG: Migration 51/69 skipped (column already exists)
[2026-02-06 07:58:02] DEBUG: Migration 52/69 skipped (column already exists)
[2026-02-06 07:58:02] DEBUG: Migration 53/69 skipped (column already exists)
[2026-02-06 07:58:02] DEBUG: Migration 54/69 skipped (column already exists)
[2026-02-06 07:58:02] DEBUG: Migration 55/69 skipped (column already exists)
[2026-02-06 07:58:02] DEBUG: Migration 56/69 completed
[2026-02-06 07:58:02] DEBUG: Migration 57/69 skipped (column already exists)
[2026-02-06 07:58:02] DEBUG: Migration 58/69 completed
[2026-02-06 07:58:02] DEBUG: Migration 59/69 skipped (column already exists)
[2026-02-06 07:58:02] DEBUG: Migration 60/69 skipped (column already exists)
[2026-02-06 07:58:02] DEBUG: Migration 61/69 skipped (column already exists)
[2026-02-06 07:58:02] DEBUG: Migration 62/69 completed
[2026-02-06 07:58:02] DEBUG: Migration 63/69 skipped (column already exists)
[2026-02-06 07:58:02] DEBUG: Migration 64/69 skipped (column already exists)
[2026-02-06 07:58:02] DEBUG: Migration 65/69 skipped (column already exists)
[2026-02-06 07:58:02] DEBUG: Migration 66/69 completed
[2026-02-06 07:58:02] DEBUG: Migration 67/69 completed
[2026-02-06 07:58:02] DEBUG: Migration 68/69 completed
[2026-02-06 07:58:02] DEBUG: Migration 69/69 completed
[2026-02-06 07:58:02] INFO: All 69 migrations completed successfully
[2026-02-06 07:58:02] INFO: 🚀 HR Analytics API server started | {"port":3001,"environment":"development","url":"http://localhost:3001"}
[2026-02-06 07:58:02] INFO: Available endpoints:
[2026-02-06 07:58:02] INFO:   GET  /api/health
[2026-02-06 07:58:02] INFO:   GET  /api/employees
[2026-02-06 07:58:02] INFO:   GET  /api/departments
[2026-02-06 07:58:02] INFO:   GET  /api/schedules
[2026-02-06 07:58:02] INFO:   POST /api/import/upload
[2026-02-06 07:58:02] INFO:   POST /api/import/recalculate
[2026-02-06 07:58:02] INFO:   GET  /api/settings/calculation
[2026-02-06 07:58:02] INFO:   GET  /api/violations/summary
[2026-02-06 07:58:02] INFO:   POST /api/violations/calculate
[2026-02-06 07:58:02] INFO:   GET  /api/penalties
[2026-02-06 07:58:02] INFO:   POST /api/penalties/calculate
[2026-02-06 07:58:24] INFO: GET / | {"status":304,"duration":"7ms","query":{"year":"2026","month":"2"}}
[2026-02-06 07:58:24] INFO: GET / | {"status":304,"duration":"2ms","query":{"year":"2026","month":"2"}}
[2026-02-06 07:58:33] INFO: GET / | {"status":304,"duration":"1ms","query":{"year":"2026","month":"1"}}
[2026-02-06 07:58:34] INFO: POST /calculate | {"status":500,"duration":"10ms"}
[2026-02-06 07:58:42] INFO: GET / | {"status":304,"duration":"1ms","query":{"year":"2026","month":"2"}}
[2026-02-06 07:58:42] INFO: GET / | {"status":304,"duration":"1ms","query":{"year":"2026","month":"2"}}
[2026-02-06 07:58:45] INFO: GET / | {"status":304,"duration":"1ms","query":{"year":"2026","month":"1"}}
[2026-02-06 07:58:46] INFO: POST /calculate | {"status":500,"duration":"3ms"}
[2026-02-06 08:02:30] INFO: Initializing database...
[2026-02-06 08:02:30] INFO: Initializing database connection | {"path":"D:\\programming\\github\\Employee-Churn-Prediction\\hr-analytics\\server\\data\\hr_analytics.db"}
[2026-02-06 08:02:30] INFO: Loaded existing database
[2026-02-06 08:02:30] INFO: Database connection established successfully
[2026-02-06 08:02:30] INFO: Running database migrations...
[2026-02-06 08:02:30] INFO: Starting database migrations...
[2026-02-06 08:02:30] DEBUG: Migration 1/69 completed
[2026-02-06 08:02:30] DEBUG: Migration 2/69 completed
[2026-02-06 08:02:30] DEBUG: Migration 3/69 completed
[2026-02-06 08:02:30] DEBUG: Migration 4/69 completed
[2026-02-06 08:02:30] DEBUG: Migration 5/69 completed
[2026-02-06 08:02:30] DEBUG: Migration 6/69 completed
[2026-02-06 08:02:30] DEBUG: Migration 7/69 completed
[2026-02-06 08:02:30] DEBUG: Migration 8/69 completed
[2026-02-06 08:02:30] DEBUG: Migration 9/69 completed
[2026-02-06 08:02:30] DEBUG: Migration 10/69 completed
[2026-02-06 08:02:30] DEBUG: Migration 11/69 completed
[2026-02-06 08:02:30] DEBUG: Migration 12/69 completed
[2026-02-06 08:02:30] DEBUG: Migration 13/69 completed
[2026-02-06 08:02:30] DEBUG: Migration 14/69 completed
[2026-02-06 08:02:30] DEBUG: Migration 15/69 completed
[2026-02-06 08:02:30] DEBUG: Migration 16/69 completed
[2026-02-06 08:02:30] DEBUG: Migration 17/69 completed
[2026-02-06 08:02:30] DEBUG: Migration 18/69 completed
[2026-02-06 08:02:30] DEBUG: Migration 19/69 completed
[2026-02-06 08:02:30] DEBUG: Migration 20/69 completed
[2026-02-06 08:02:30] DEBUG: Migration 21/69 completed
[2026-02-06 08:02:30] DEBUG: Migration 22/69 completed
[2026-02-06 08:02:30] DEBUG: Migration 23/69 completed
[2026-02-06 08:02:30] DEBUG: Migration 24/69 completed
[2026-02-06 08:02:30] DEBUG: Migration 25/69 completed
[2026-02-06 08:02:30] DEBUG: Migration 26/69 completed
[2026-02-06 08:02:30] DEBUG: Migration 27/69 completed
[2026-02-06 08:02:30] DEBUG: Migration 28/69 completed
[2026-02-06 08:02:30] DEBUG: Migration 29/69 completed
[2026-02-06 08:02:30] DEBUG: Migration 30/69 completed
[2026-02-06 08:02:30] DEBUG: Migration 31/69 completed
[2026-02-06 08:02:30] DEBUG: Migration 32/69 completed
[2026-02-06 08:02:30] DEBUG: Migration 33/69 completed
[2026-02-06 08:02:30] DEBUG: Migration 34/69 completed
[2026-02-06 08:02:30] DEBUG: Migration 35/69 completed
[2026-02-06 08:02:30] DEBUG: Migration 36/69 completed
[2026-02-06 08:02:30] DEBUG: Migration 37/69 completed
[2026-02-06 08:02:30] DEBUG: Migration 38/69 completed
[2026-02-06 08:02:30] DEBUG: Migration 39/69 completed
[2026-02-06 08:02:30] DEBUG: Migration 40/69 completed
[2026-02-06 08:02:30] DEBUG: Migration 41/69 completed
[2026-02-06 08:02:30] DEBUG: Migration 42/69 completed
[2026-02-06 08:02:30] DEBUG: Migration 43/69 completed
[2026-02-06 08:02:30] DEBUG: Migration 44/69 skipped (column already exists)
[2026-02-06 08:02:30] DEBUG: Migration 45/69 skipped (column already exists)
[2026-02-06 08:02:30] DEBUG: Migration 46/69 skipped (column already exists)
[2026-02-06 08:02:30] DEBUG: Migration 47/69 completed
[2026-02-06 08:02:30] DEBUG: Migration 48/69 completed
[2026-02-06 08:02:30] DEBUG: Migration 49/69 skipped (column already exists)
[2026-02-06 08:02:30] DEBUG: Migration 50/69 skipped (column already exists)
[2026-02-06 08:02:30] DEBUG: Migration 51/69 skipped (column already exists)
[2026-02-06 08:02:30] DEBUG: Migration 52/69 skipped (column already exists)
[2026-02-06 08:02:30] DEBUG: Migration 53/69 skipped (column already exists)
[2026-02-06 08:02:30] DEBUG: Migration 54/69 skipped (column already exists)
[2026-02-06 08:02:30] DEBUG: Migration 55/69 skipped (column already exists)
[2026-02-06 08:02:30] DEBUG: Migration 56/69 completed
[2026-02-06 08:02:30] DEBUG: Migration 57/69 skipped (column already exists)
[2026-02-06 08:02:30] DEBUG: Migration 58/69 completed
[2026-02-06 08:02:30] DEBUG: Migration 59/69 skipped (column already exists)
[2026-02-06 08:02:30] DEBUG: Migration 60/69 skipped (column already exists)
[2026-02-06 08:02:30] DEBUG: Migration 61/69 skipped (column already exists)
[2026-02-06 08:02:30] DEBUG: Migration 62/69 completed
[2026-02-06 08:02:30] DEBUG: Migration 63/69 skipped (column already exists)
[2026-02-06 08:02:30] DEBUG: Migration 64/69 skipped (column already exists)
[2026-02-06 08:02:30] DEBUG: Migration 65/69 skipped (column already exists)
[2026-02-06 08:02:30] DEBUG: Migration 66/69 completed
[2026-02-06 08:02:30] DEBUG: Migration 67/69 completed
[2026-02-06 08:02:30] DEBUG: Migration 68/69 completed
[2026-02-06 08:02:30] DEBUG: Migration 69/69 completed
[2026-02-06 08:02:30] INFO: All 69 migrations completed successfully
[2026-02-06 08:02:30] INFO: 🚀 HR Analytics API server started | {"port":3001,"environment":"development","url":"http://localhost:3001"}
[2026-02-06 08:02:30] INFO: Available endpoints:
[2026-02-06 08:02:30] INFO:   GET  /api/health
[2026-02-06 08:02:30] INFO:   GET  /api/employees
[2026-02-06 08:02:30] INFO:   GET  /api/departments
[2026-02-06 08:02:30] INFO:   GET  /api/schedules
[2026-02-06 08:02:30] INFO:   POST /api/import/upload
[2026-02-06 08:02:30] INFO:   POST /api/import/recalculate
[2026-02-06 08:02:30] INFO:   GET  /api/settings/calculation
[2026-02-06 08:02:30] INFO:   GET  /api/violations/summary
[2026-02-06 08:02:30] INFO:   POST /api/violations/calculate
[2026-02-06 08:02:30] INFO:   GET  /api/penalties
[2026-02-06 08:02:30] INFO:   POST /api/penalties/calculate
[2026-02-06 08:02:36] INFO: GET / | {"status":304,"duration":"8ms","query":{"year":"2026","month":"2"}}
[2026-02-06 08:02:36] INFO: GET / | {"status":304,"duration":"2ms","query":{"year":"2026","month":"2"}}
[2026-02-06 08:02:44] INFO: GET / | {"status":304,"duration":"1ms","query":{"year":"2026","month":"1"}}
[2026-02-06 08:02:46] INFO: POST /calculate | {"status":500,"duration":"9ms"}
[2026-02-06 08:04:09] INFO: Initializing database...
[2026-02-06 08:05:09] INFO: Initializing database...
[2026-02-06 08:05:09] INFO: Initializing database connection | {"path":"D:\\programming\\github\\Employee-Churn-Prediction\\hr-analytics\\server\\data\\hr_analytics.db"}
[2026-02-06 08:05:09] INFO: Loaded existing database
[2026-02-06 08:05:09] INFO: Database connection established successfully
[2026-02-06 08:05:09] INFO: Running database migrations...
[2026-02-06 08:05:09] INFO: Starting database migrations...
[2026-02-06 08:05:09] DEBUG: Migration 1/69 completed
[2026-02-06 08:05:09] DEBUG: Migration 2/69 completed
[2026-02-06 08:05:09] DEBUG: Migration 3/69 completed
[2026-02-06 08:05:09] DEBUG: Migration 4/69 completed
[2026-02-06 08:05:09] DEBUG: Migration 5/69 completed
[2026-02-06 08:05:09] DEBUG: Migration 6/69 completed
[2026-02-06 08:05:09] DEBUG: Migration 7/69 completed
[2026-02-06 08:05:09] DEBUG: Migration 8/69 completed
[2026-02-06 08:05:09] DEBUG: Migration 9/69 completed
[2026-02-06 08:05:09] DEBUG: Migration 10/69 completed
[2026-02-06 08:05:09] DEBUG: Migration 11/69 completed
[2026-02-06 08:05:09] DEBUG: Migration 12/69 completed
[2026-02-06 08:05:09] DEBUG: Migration 13/69 completed
[2026-02-06 08:05:09] DEBUG: Migration 14/69 completed
[2026-02-06 08:05:09] DEBUG: Migration 15/69 completed
[2026-02-06 08:05:09] DEBUG: Migration 16/69 completed
[2026-02-06 08:05:09] DEBUG: Migration 17/69 completed
[2026-02-06 08:05:09] DEBUG: Migration 18/69 completed
[2026-02-06 08:05:09] DEBUG: Migration 19/69 completed
[2026-02-06 08:05:09] DEBUG: Migration 20/69 completed
[2026-02-06 08:05:09] DEBUG: Migration 21/69 completed
[2026-02-06 08:05:09] DEBUG: Migration 22/69 completed
[2026-02-06 08:05:09] DEBUG: Migration 23/69 completed
[2026-02-06 08:05:09] DEBUG: Migration 24/69 completed
[2026-02-06 08:05:09] DEBUG: Migration 25/69 completed
[2026-02-06 08:05:09] DEBUG: Migration 26/69 completed
[2026-02-06 08:05:09] DEBUG: Migration 27/69 completed
[2026-02-06 08:05:09] DEBUG: Migration 28/69 completed
[2026-02-06 08:05:09] DEBUG: Migration 29/69 completed
[2026-02-06 08:05:09] DEBUG: Migration 30/69 completed
[2026-02-06 08:05:09] DEBUG: Migration 31/69 completed
[2026-02-06 08:05:09] DEBUG: Migration 32/69 completed
[2026-02-06 08:05:09] DEBUG: Migration 33/69 completed
[2026-02-06 08:05:09] DEBUG: Migration 34/69 completed
[2026-02-06 08:05:09] DEBUG: Migration 35/69 completed
[2026-02-06 08:05:09] DEBUG: Migration 36/69 completed
[2026-02-06 08:05:09] DEBUG: Migration 37/69 completed
[2026-02-06 08:05:09] DEBUG: Migration 38/69 completed
[2026-02-06 08:05:09] DEBUG: Migration 39/69 completed
[2026-02-06 08:05:09] DEBUG: Migration 40/69 completed
[2026-02-06 08:05:09] DEBUG: Migration 41/69 completed
[2026-02-06 08:05:09] DEBUG: Migration 42/69 completed
[2026-02-06 08:05:09] DEBUG: Migration 43/69 completed
[2026-02-06 08:05:09] DEBUG: Migration 44/69 skipped (column already exists)
[2026-02-06 08:05:09] DEBUG: Migration 45/69 skipped (column already exists)
[2026-02-06 08:05:09] DEBUG: Migration 46/69 skipped (column already exists)
[2026-02-06 08:05:09] DEBUG: Migration 47/69 completed
[2026-02-06 08:05:09] DEBUG: Migration 48/69 completed
[2026-02-06 08:05:09] DEBUG: Migration 49/69 skipped (column already exists)
[2026-02-06 08:05:09] DEBUG: Migration 50/69 skipped (column already exists)
[2026-02-06 08:05:09] DEBUG: Migration 51/69 skipped (column already exists)
[2026-02-06 08:05:09] DEBUG: Migration 52/69 skipped (column already exists)
[2026-02-06 08:05:09] DEBUG: Migration 53/69 skipped (column already exists)
[2026-02-06 08:05:09] DEBUG: Migration 54/69 skipped (column already exists)
[2026-02-06 08:05:09] DEBUG: Migration 55/69 skipped (column already exists)
[2026-02-06 08:05:09] DEBUG: Migration 56/69 completed
[2026-02-06 08:05:09] DEBUG: Migration 57/69 skipped (column already exists)
[2026-02-06 08:05:09] DEBUG: Migration 58/69 completed
[2026-02-06 08:05:09] DEBUG: Migration 59/69 skipped (column already exists)
[2026-02-06 08:05:09] DEBUG: Migration 60/69 skipped (column already exists)
[2026-02-06 08:05:09] DEBUG: Migration 61/69 skipped (column already exists)
[2026-02-06 08:05:09] DEBUG: Migration 62/69 completed
[2026-02-06 08:05:09] DEBUG: Migration 63/69 skipped (column already exists)
[2026-02-06 08:05:09] DEBUG: Migration 64/69 skipped (column already exists)
[2026-02-06 08:05:09] DEBUG: Migration 65/69 skipped (column already exists)
[2026-02-06 08:05:09] DEBUG: Migration 66/69 completed
[2026-02-06 08:05:09] DEBUG: Migration 67/69 completed
[2026-02-06 08:05:09] DEBUG: Migration 68/69 completed
[2026-02-06 08:05:09] DEBUG: Migration 69/69 completed
[2026-02-06 08:05:09] INFO: All 69 migrations completed successfully
[2026-02-06 08:05:09] INFO: 🚀 HR Analytics API server started | {"port":3001,"environment":"development","url":"http://localhost:3001"}
[2026-02-06 08:05:09] INFO: Available endpoints:
[2026-02-06 08:05:09] INFO:   GET  /api/health
[2026-02-06 08:05:09] INFO:   GET  /api/employees
[2026-02-06 08:05:09] INFO:   GET  /api/departments
[2026-02-06 08:05:09] INFO:   GET  /api/schedules
[2026-02-06 08:05:09] INFO:   POST /api/import/upload
[2026-02-06 08:05:09] INFO:   POST /api/import/recalculate
[2026-02-06 08:05:09] INFO:   GET  /api/settings/calculation
[2026-02-06 08:05:09] INFO:   GET  /api/violations/summary
[2026-02-06 08:05:09] INFO:   POST /api/violations/calculate
[2026-02-06 08:05:09] INFO:   GET  /api/penalties
[2026-02-06 08:05:09] INFO:   POST /api/penalties/calculate
[2026-02-06 08:06:09] INFO: Compensation records fetched | {"context":"CompensationAPI","count":0,"year":"2026","month":"2"}
[2026-02-06 08:06:09] INFO: GET / | {"status":304,"duration":"9ms","query":{"year":"2026","month":"2"}}
[2026-02-06 08:06:09] INFO: Compensation records fetched | {"context":"CompensationAPI","count":0,"year":"2026","month":"2"}
[2026-02-06 08:06:09] INFO: GET / | {"status":304,"duration":"2ms","query":{"year":"2026","month":"2"}}
[2026-02-06 08:06:13] INFO: Compensation records fetched | {"context":"CompensationAPI","count":74,"year":"2026","month":"1"}
[2026-02-06 08:06:13] INFO: GET / | {"status":304,"duration":"7ms","query":{"year":"2026","month":"1"}}
[2026-02-06 08:07:06] INFO: GET / | {"status":304,"duration":"2ms","query":{"year":"2026","month":"2"}}
[2026-02-06 08:07:06] INFO: GET / | {"status":304,"duration":"1ms","query":{"year":"2026","month":"2"}}
[2026-02-06 08:07:09] INFO: GET / | {"status":304,"duration":"1ms","query":{"year":"2026","month":"1"}}
[2026-02-06 08:07:10] INFO: POST /calculate | {"status":500,"duration":"9ms"}
[2026-02-06 08:08:20] INFO: GET / | {"status":304,"duration":"2ms","query":{"year":"2026","month":"1"}}
[2026-02-06 08:08:30] INFO: GET / | {"status":304,"duration":"1ms","query":{"year":"2026","month":"1"}}
[2026-02-06 08:09:28] INFO: Initializing database...
[2026-02-06 08:09:44] INFO: Penalty rules fetched | {"context":"PenaltyAPI","year":2026,"month":2,"count":6}
[2026-02-06 08:09:44] INFO: GET /rules | {"status":304,"duration":"3ms","query":{"year":"2026","month":"2"}}
[2026-02-06 08:09:44] INFO: Penalty rules fetched | {"context":"PenaltyAPI","year":2026,"month":2,"count":6}
[2026-02-06 08:09:44] INFO: GET /rules | {"status":304,"duration":"2ms","query":{"year":"2026","month":"2"}}
[2026-02-06 08:09:45] INFO: Applied penalties fetched | {"context":"PenaltyAPI","year":"2026","month":"2","count":0}
[2026-02-06 08:09:45] INFO: GET / | {"status":304,"duration":"3ms","query":{"year":"2026","month":"2"}}
[2026-02-06 08:09:45] INFO: Penalty summary fetched | {"context":"PenaltyAPI","year":"2026","month":"2","totalEmployees":0,"employeesWithFines":0,"totalFineAmount":0,"kpiZeroedCount":0,"terminationCount":0}
[2026-02-06 08:09:45] INFO: GET /summary | {"status":304,"duration":"3ms","query":{"year":"2026","month":"2"}}
[2026-02-06 08:09:47] INFO: Applied penalties fetched | {"context":"PenaltyAPI","year":"2026","month":"1","count":74}
[2026-02-06 08:09:47] INFO: GET / | {"status":304,"duration":"7ms","query":{"year":"2026","month":"1"}}
[2026-02-06 08:09:47] INFO: Penalty summary fetched | {"context":"PenaltyAPI","year":"2026","month":"1","totalEmployees":74,"employeesWithFines":74,"totalFineAmount":30850000,"kpiZeroedCount":61,"terminationCount":53}
[2026-02-06 08:09:47] INFO: GET /summary | {"status":304,"duration":"2ms","query":{"year":"2026","month":"1"}}
[2026-02-06 08:09:54] INFO: GET / | {"status":304,"duration":"1ms","query":{"year":"2026","month":"2"}}
[2026-02-06 08:09:54] INFO: GET / | {"status":304,"duration":"1ms","query":{"year":"2026","month":"2"}}
[2026-02-06 08:09:57] INFO: GET / | {"status":304,"duration":"1ms","query":{"year":"2026","month":"1"}}
[2026-02-06 08:09:58] INFO: POST /calculate | {"status":500,"duration":"5ms"}
[2026-02-06 08:10:43] INFO: GET / | {"status":200,"duration":"2ms"}
[2026-02-06 08:10:43] INFO: GET / | {"status":304,"duration":"1ms"}
[2026-02-06 08:10:43] INFO: GET / | {"status":304,"duration":"1ms"}
[2026-02-06 08:10:43] INFO: GET / | {"status":304,"duration":"1ms"}
[2026-02-06 08:10:43] INFO: GET / | {"status":304,"duration":"3ms","query":{"limit":"1000"}}
[2026-02-06 08:10:43] INFO: GET / | {"status":304,"duration":"3ms","query":{"limit":"1000"}}
[2026-02-06 08:10:43] INFO: GET /exceptions/list | {"status":304,"duration":"1ms"}
[2026-02-06 08:10:43] INFO: GET /exceptions/list | {"status":304,"duration":"1ms"}
[2026-02-06 08:10:43] INFO: GET /calculation | {"status":304,"duration":"1ms"}
[2026-02-06 08:10:43] INFO: GET /calculation | {"status":304,"duration":"1ms"}
[2026-02-06 08:11:03] INFO: Schedule updated | {"context":"SchedulesAPI","id":"1","updates":{"workStart":"09:00","workEnd":"18:00","lateTolerance":10,"workDays":[1,2,3,4,5],"validFrom":"2025-12-31","validTo":"2027-02-07"}}
[2026-02-06 08:11:03] INFO: PUT /1 | {"status":200,"duration":"8ms"}
[2026-02-06 08:11:03] INFO: GET / | {"status":200,"duration":"1ms"}
[2026-02-06 08:11:03] INFO: GET / | {"status":304,"duration":"1ms"}
[2026-02-06 08:11:03] INFO: GET / | {"status":304,"duration":"3ms","query":{"limit":"1000"}}
[2026-02-06 08:11:03] INFO: GET /exceptions/list | {"status":304,"duration":"1ms"}
[2026-02-06 08:11:03] INFO: GET /calculation | {"status":304,"duration":"1ms"}
[2026-02-06 08:11:13] DEBUG: Getting all missing time settings | {"context":"MissingTimeSettingsAPI","withNames":"true"}
[2026-02-06 08:11:13] INFO: GET / | {"status":200,"duration":"3ms","query":{"withNames":"true"}}
[2026-02-06 08:11:13] DEBUG: Getting available targets for missing time settings | {"context":"MissingTimeSettingsAPI"}
[2026-02-06 08:11:13] INFO: GET /targets/available | {"status":200,"duration":"3ms"}
[2026-02-06 08:11:13] DEBUG: Getting all missing time settings | {"context":"MissingTimeSettingsAPI","withNames":"true"}
[2026-02-06 08:11:13] INFO: GET / | {"status":304,"duration":"2ms","query":{"withNames":"true"}}
[2026-02-06 08:11:13] DEBUG: Getting available targets for missing time settings | {"context":"MissingTimeSettingsAPI"}
[2026-02-06 08:11:13] INFO: GET /targets/available | {"status":304,"duration":"2ms"}
[2026-02-06 08:11:26] INFO: Updating missing time settings | {"context":"MissingTimeSettingsAPI","id":1,"body":{"handlingType":1,"missingCheckinPenaltyMinutes":60,"missingCheckoutPenaltyMinutes":120,"validFrom":"2026-01-06"}}
[2026-02-06 08:11:26] INFO: Updated missing time settings | {"context":"MissingTimeResolver","id":1,"updates":{"handlingType":1,"missingCheckinPenaltyMinutes":60,"missingCheckoutPenaltyMinutes":120,"validFrom":"2026-01-06"}}
[2026-02-06 08:11:26] INFO: PUT /1 | {"status":200,"duration":"5ms"}
[2026-02-06 08:11:26] DEBUG: Getting all missing time settings | {"context":"MissingTimeSettingsAPI","withNames":"true"}
[2026-02-06 08:11:26] INFO: GET / | {"status":200,"duration":"2ms","query":{"withNames":"true"}}
[2026-02-06 08:11:28] INFO: GET / | {"status":304,"duration":"1ms"}
[2026-02-06 08:11:28] INFO: GET / | {"status":304,"duration":"2ms"}
[2026-02-06 08:11:28] INFO: GET /report | {"status":304,"duration":"2ms","query":{"year":"2026","month":"2","sortBy":"violation_count","sortOrder":"desc"}}
[2026-02-06 08:11:28] INFO: GET /report | {"status":304,"duration":"1ms","query":{"year":"2026","month":"2","sortBy":"violation_count","sortOrder":"desc"}}
[2026-02-06 08:11:31] INFO: GET /report | {"status":304,"duration":"3ms","query":{"year":"2026","month":"1","sortBy":"violation_count","sortOrder":"desc"}}
[2026-02-06 08:16:16] DEBUG: Getting list of all tables | {"context":"DBExplorerAPI"}
[2026-02-06 08:16:16] INFO: GET /tables | {"status":200,"duration":"4ms"}
[2026-02-06 08:16:16] DEBUG: Getting list of all tables | {"context":"DBExplorerAPI"}
[2026-02-06 08:16:16] INFO: GET /tables | {"status":304,"duration":"3ms"}
[2026-02-06 08:16:18] DEBUG: Getting list of all tables | {"context":"DBExplorerAPI"}
[2026-02-06 08:16:18] INFO: GET /tables | {"status":304,"duration":"3ms"}
[2026-02-06 08:16:18] DEBUG: Getting list of all tables | {"context":"DBExplorerAPI"}
[2026-02-06 08:16:18] INFO: GET /tables | {"status":304,"duration":"3ms"}
[2026-02-06 08:16:23] INFO: GET /api/settings | {"status":404,"duration":"1ms"}
[2026-02-06 08:16:23] INFO: GET /api/settings | {"status":404,"duration":"1ms"}
[2026-02-06 08:16:23] INFO: GET /stats | {"status":304,"duration":"1ms"}
[2026-02-06 08:16:23] INFO: GET /stats | {"status":304,"duration":"1ms"}
[2026-02-06 08:16:27] INFO: PUT /api/settings/lunch_break_minutes | {"status":404,"duration":"0ms"}
[2026-02-06 08:16:27] INFO: PUT /api/settings/max_salary_deduction_percent | {"status":404,"duration":"1ms"}
[2026-02-06 08:16:33] DEBUG: Getting list of all tables | {"context":"DBExplorerAPI"}
[2026-02-06 08:16:33] INFO: GET /tables | {"status":304,"duration":"2ms"}
[2026-02-06 08:16:33] DEBUG: Getting list of all tables | {"context":"DBExplorerAPI"}
[2026-02-06 08:16:33] INFO: GET /tables | {"status":304,"duration":"2ms"}
[2026-02-06 08:16:37] DEBUG: Getting list of all tables | {"context":"DBExplorerAPI"}
[2026-02-06 08:16:37] INFO: GET /tables | {"status":304,"duration":"3ms"}
[2026-02-06 08:16:37] DEBUG: Getting list of all tables | {"context":"DBExplorerAPI"}
[2026-02-06 08:16:37] INFO: GET /tables | {"status":304,"duration":"2ms"}
[2026-02-06 08:16:40] DEBUG: Getting table data | {"context":"DBExplorerAPI","tableName":"time_records","limit":50,"offset":0}
[2026-02-06 08:16:40] INFO: GET /tables/time_records | {"status":200,"duration":"4ms","query":{"limit":"50","offset":"0"}}
[2026-02-06 08:16:46] DEBUG: Getting table data | {"context":"DBExplorerAPI","tableName":"violation_summary","limit":50,"offset":0}
[2026-02-06 08:16:46] INFO: GET /tables/violation_summary | {"status":200,"duration":"2ms","query":{"limit":"50","offset":"0"}}
[2026-02-06 08:17:20] INFO: GET / | {"status":304,"duration":"1ms","query":{"year":"2026","month":"2"}}
[2026-02-06 08:17:20] INFO: GET / | {"status":304,"duration":"1ms","query":{"year":"2026","month":"2"}}
[2026-02-06 08:17:23] INFO: GET / | {"status":304,"duration":"1ms","query":{"year":"2026","month":"1"}}
[2026-02-06 08:17:25] INFO: POST /calculate | {"status":500,"duration":"3ms"}
[2026-02-06 08:17:27] INFO: Compensation records fetched | {"context":"CompensationAPI","count":0,"year":"2026","month":"2"}
[2026-02-06 08:17:27] INFO: GET / | {"status":304,"duration":"1ms","query":{"year":"2026","month":"2"}}
[2026-02-06 08:17:27] INFO: Compensation records fetched | {"context":"CompensationAPI","count":0,"year":"2026","month":"2"}
[2026-02-06 08:17:27] INFO: GET / | {"status":304,"duration":"1ms","query":{"year":"2026","month":"2"}}
[2026-02-06 08:17:29] INFO: Penalty rules fetched | {"context":"PenaltyAPI","year":2026,"month":2,"count":6}
[2026-02-06 08:17:29] INFO: GET /rules | {"status":304,"duration":"2ms","query":{"year":"2026","month":"2"}}
[2026-02-06 08:17:29] INFO: Penalty rules fetched | {"context":"PenaltyAPI","year":2026,"month":2,"count":6}
[2026-02-06 08:17:29] INFO: GET /rules | {"status":304,"duration":"2ms","query":{"year":"2026","month":"2"}}
[2026-02-06 08:17:30] INFO: GET / | {"status":304,"duration":"1ms"}
[2026-02-06 08:17:30] INFO: GET /report | {"status":304,"duration":"1ms","query":{"year":"2026","month":"2","sortBy":"violation_count","sortOrder":"desc"}}
[2026-02-06 08:17:30] INFO: GET / | {"status":304,"duration":"1ms"}
[2026-02-06 08:17:30] INFO: GET /report | {"status":304,"duration":"1ms","query":{"year":"2026","month":"2","sortBy":"violation_count","sortOrder":"desc"}}
[2026-02-06 08:17:33] INFO: GET /report | {"status":304,"duration":"4ms","query":{"year":"2026","month":"1","sortBy":"violation_count","sortOrder":"desc"}}
[2026-02-06 08:17:42] INFO: Penalty rules fetched | {"context":"PenaltyAPI","year":2026,"month":2,"count":6}
[2026-02-06 08:17:42] INFO: GET /rules | {"status":304,"duration":"2ms","query":{"year":"2026","month":"2"}}
[2026-02-06 08:17:42] INFO: Penalty rules fetched | {"context":"PenaltyAPI","year":2026,"month":2,"count":6}
[2026-02-06 08:17:42] INFO: GET /rules | {"status":304,"duration":"2ms","query":{"year":"2026","month":"2"}}
[2026-02-06 08:17:44] INFO: Applied penalties fetched | {"context":"PenaltyAPI","year":"2026","month":"2","count":0}
[2026-02-06 08:17:44] INFO: GET / | {"status":304,"duration":"2ms","query":{"year":"2026","month":"2"}}
[2026-02-06 08:17:44] INFO: Penalty summary fetched | {"context":"PenaltyAPI","year":"2026","month":"2","totalEmployees":0,"employeesWithFines":0,"totalFineAmount":0,"kpiZeroedCount":0,"terminationCount":0}
[2026-02-06 08:17:44] INFO: GET /summary | {"status":304,"duration":"1ms","query":{"year":"2026","month":"2"}}
[2026-02-06 08:17:48] INFO: Applied penalties fetched | {"context":"PenaltyAPI","year":"2026","month":"1","count":74}
[2026-02-06 08:17:48] INFO: GET / | {"status":304,"duration":"5ms","query":{"year":"2026","month":"1"}}
[2026-02-06 08:17:48] INFO: Penalty summary fetched | {"context":"PenaltyAPI","year":"2026","month":"1","totalEmployees":74,"employeesWithFines":74,"totalFineAmount":30850000,"kpiZeroedCount":61,"terminationCount":53}
[2026-02-06 08:17:48] INFO: GET /summary | {"status":304,"duration":"1ms","query":{"year":"2026","month":"1"}}
[2026-02-06 08:18:48] INFO: GET / | {"status":304,"duration":"1ms"}
[2026-02-06 08:18:48] INFO: GET /report | {"status":304,"duration":"1ms","query":{"year":"2026","month":"2","sortBy":"violation_count","sortOrder":"desc"}}
[2026-02-06 08:18:48] INFO: GET / | {"status":304,"duration":"1ms"}
[2026-02-06 08:18:48] INFO: GET /report | {"status":304,"duration":"2ms","query":{"year":"2026","month":"2","sortBy":"violation_count","sortOrder":"desc"}}
[2026-02-06 08:18:52] INFO: GET /report | {"status":304,"duration":"4ms","query":{"year":"2026","month":"1","sortBy":"violation_count","sortOrder":"desc"}}
[2026-02-06 08:19:11] INFO: Penalty rules fetched | {"context":"PenaltyAPI","year":2026,"month":2,"count":6}
[2026-02-06 08:19:11] INFO: GET /rules | {"status":304,"duration":"2ms","query":{"year":"2026","month":"2"}}
[2026-02-06 08:19:11] INFO: Penalty rules fetched | {"context":"PenaltyAPI","year":2026,"month":2,"count":6}
[2026-02-06 08:19:11] INFO: GET /rules | {"status":304,"duration":"2ms","query":{"year":"2026","month":"2"}}
[2026-02-06 08:19:13] INFO: Penalty summary fetched | {"context":"PenaltyAPI","year":"2026","month":"2","totalEmployees":0,"employeesWithFines":0,"totalFineAmount":0,"kpiZeroedCount":0,"terminationCount":0}
[2026-02-06 08:19:13] INFO: GET /summary | {"status":304,"duration":"2ms","query":{"year":"2026","month":"2"}}
[2026-02-06 08:19:13] INFO: Applied penalties fetched | {"context":"PenaltyAPI","year":"2026","month":"2","count":0}
[2026-02-06 08:19:13] INFO: GET / | {"status":304,"duration":"1ms","query":{"year":"2026","month":"2"}}
[2026-02-06 08:19:17] INFO: Applied penalties fetched | {"context":"PenaltyAPI","year":"2026","month":"1","count":74}
[2026-02-06 08:19:17] INFO: GET / | {"status":304,"duration":"4ms","query":{"year":"2026","month":"1"}}
[2026-02-06 08:19:17] INFO: Penalty summary fetched | {"context":"PenaltyAPI","year":"2026","month":"1","totalEmployees":74,"employeesWithFines":74,"totalFineAmount":30850000,"kpiZeroedCount":61,"terminationCount":53}
[2026-02-06 08:19:17] INFO: GET /summary | {"status":304,"duration":"1ms","query":{"year":"2026","month":"1"}}
[2026-02-06 08:19:20] INFO: Starting bulk penalty calculation | {"context":"PenaltyService","year":2026,"month":1}
[2026-02-06 08:19:20] DEBUG: Penalty calculated | {"context":"PenaltyService","employeeId":1,"employeeName":"ABDULHAY JUMANALIYEV","totalViolations":16,"totalFine":450000,"kpiZeroed":true,"kpiZeroedMonths":2,"carriedKpiMonths":0,"kpiAmount":10929226,"kpiResult":0,"terminationRecommended":true}
[2026-02-06 08:19:20] INFO: Penalty applied | {"context":"PenaltyService","penaltyId":1,"employeeId":1,"totalFine":450000,"kpiZeroed":true}
[2026-02-06 08:19:20] DEBUG: Penalty calculated | {"context":"PenaltyService","employeeId":2,"employeeName":"XUSNIDDIN GANIYEV","totalViolations":16,"totalFine":450000,"kpiZeroed":true,"kpiZeroedMonths":2,"carriedKpiMonths":0,"kpiAmount":13350463,"kpiResult":0,"terminationRecommended":true}
[2026-02-06 08:19:20] INFO: Penalty applied | {"context":"PenaltyService","penaltyId":2,"employeeId":2,"totalFine":450000,"kpiZeroed":true}
[2026-02-06 08:19:20] DEBUG: Penalty calculated | {"context":"PenaltyService","employeeId":3,"employeeName":"VALENTINA ATAXANOVA","totalViolations":6,"totalFine":450000,"kpiZeroed":true,"kpiZeroedMonths":2,"carriedKpiMonths":0,"kpiAmount":13534418,"kpiResult":0,"terminationRecommended":true}
[2026-02-06 08:19:20] INFO: Penalty applied | {"context":"PenaltyService","penaltyId":3,"employeeId":3,"totalFine":450000,"kpiZeroed":true}
[2026-02-06 08:19:20] DEBUG: Penalty calculated | {"context":"PenaltyService","employeeId":4,"employeeName":"MURODJON  VAXOBOVICH DJALILOV","totalViolations":15,"totalFine":450000,"kpiZeroed":true,"kpiZeroedMonths":2,"carriedKpiMonths":0,"kpiAmount":14484865,"kpiResult":0,"terminationRecommended":true}
[2026-02-06 08:19:20] INFO: Penalty applied | {"context":"PenaltyService","penaltyId":4,"employeeId":4,"totalFine":450000,"kpiZeroed":true}
[2026-02-06 08:19:20] DEBUG: Penalty calculated | {"context":"PenaltyService","employeeId":5,"employeeName":"RUSTAMJON MUXSIMOV","totalViolations":11,"totalFine":450000,"kpiZeroed":true,"kpiZeroedMonths":2,"carriedKpiMonths":0,"kpiAmount":11423062,"kpiResult":0,"terminationRecommended":true}
[2026-02-06 08:19:20] INFO: Penalty applied | {"context":"PenaltyService","penaltyId":5,"employeeId":5,"totalFine":450000,"kpiZeroed":true}
[2026-02-06 08:19:20] DEBUG: Penalty calculated | {"context":"PenaltyService","employeeId":6,"employeeName":"FERUZA SOBIRJONOVA","totalViolations":13,"totalFine":450000,"kpiZeroed":true,"kpiZeroedMonths":2,"carriedKpiMonths":0,"kpiAmount":12659890,"kpiResult":0,"terminationRecommended":true}
[2026-02-06 08:19:20] INFO: Penalty applied | {"context":"PenaltyService","penaltyId":6,"employeeId":6,"totalFine":450000,"kpiZeroed":true}
[2026-02-06 08:19:20] DEBUG: Penalty calculated | {"context":"PenaltyService","employeeId":7,"employeeName":"ANVAR  SHAXARSHAMOV","totalViolations":15,"totalFine":450000,"kpiZeroed":true,"kpiZeroedMonths":2,"carriedKpiMonths":0,"kpiAmount":10590169,"kpiResult":0,"terminationRecommended":true}
[2026-02-06 08:19:20] INFO: Penalty applied | {"context":"PenaltyService","penaltyId":7,"employeeId":7,"totalFine":450000,"kpiZeroed":true}
[2026-02-06 08:19:20] DEBUG: Penalty calculated | {"context":"PenaltyService","employeeId":8,"employeeName":"FERUZA KARIMOVA","totalViolations":15,"totalFine":450000,"kpiZeroed":true,"kpiZeroedMonths":2,"carriedKpiMonths":0,"kpiAmount":12261601,"kpiResult":0,"terminationRecommended":true}
[2026-02-06 08:19:20] INFO: Penalty applied | {"context":"PenaltyService","penaltyId":8,"employeeId":8,"totalFine":450000,"kpiZeroed":true}
[2026-02-06 08:19:20] DEBUG: Penalty calculated | {"context":"PenaltyService","employeeId":9,"employeeName":"SANJAR ABDURAXIMOV","totalViolations":15,"totalFine":450000,"kpiZeroed":true,"kpiZeroedMonths":2,"carriedKpiMonths":0,"kpiAmount":11592344,"kpiResult":0,"terminationRecommended":true}
[2026-02-06 08:19:20] INFO: Penalty applied | {"context":"PenaltyService","penaltyId":9,"employeeId":9,"totalFine":450000,"kpiZeroed":true}
[2026-02-06 08:19:20] DEBUG: Penalty calculated | {"context":"PenaltyService","employeeId":10,"employeeName":"IBROXIM  MAXMUDJONOV","totalViolations":7,"totalFine":450000,"kpiZeroed":true,"kpiZeroedMonths":2,"carriedKpiMonths":0,"kpiAmount":14108875,"kpiResult":0,"terminationRecommended":true}
[2026-02-06 08:19:20] INFO: Penalty applied | {"context":"PenaltyService","penaltyId":10,"employeeId":10,"totalFine":450000,"kpiZeroed":true}
[2026-02-06 08:19:20] DEBUG: Penalty calculated | {"context":"PenaltyService","employeeId":11,"employeeName":"BAXROM  NAZARALIYEV","totalViolations":15,"totalFine":450000,"kpiZeroed":true,"kpiZeroedMonths":2,"carriedKpiMonths":0,"kpiAmount":13393260,"kpiResult":0,"terminationRecommended":true}
[2026-02-06 08:19:20] INFO: Penalty applied | {"context":"PenaltyService","penaltyId":11,"employeeId":11,"totalFine":450000,"kpiZeroed":true}
[2026-02-06 08:19:20] DEBUG: Penalty calculated | {"context":"PenaltyService","employeeId":12,"employeeName":"DILMUROD  BEKMUXAMEDOV","totalViolations":8,"totalFine":450000,"kpiZeroed":true,"kpiZeroedMonths":2,"carriedKpiMonths":0,"kpiAmount":10317434,"kpiResult":0,"terminationRecommended":true}
[2026-02-06 08:19:20] INFO: Penalty applied | {"context":"PenaltyService","penaltyId":12,"employeeId":12,"totalFine":450000,"kpiZeroed":true}
[2026-02-06 08:19:20] DEBUG: Penalty calculated | {"context":"PenaltyService","employeeId":13,"employeeName":"HUSNIDDIN UMARALIYEV","totalViolations":15,"totalFine":450000,"kpiZeroed":true,"kpiZeroedMonths":2,"carriedKpiMonths":0,"kpiAmount":11017412,"kpiResult":0,"terminationRecommended":true}
[2026-02-06 08:19:20] INFO: Penalty applied | {"context":"PenaltyService","penaltyId":13,"employeeId":13,"totalFine":450000,"kpiZeroed":true}
[2026-02-06 08:19:20] DEBUG: Penalty calculated | {"context":"PenaltyService","employeeId":14,"employeeName":"MIRAKROM NIZOMOV","totalViolations":15,"totalFine":450000,"kpiZeroed":true,"kpiZeroedMonths":2,"carriedKpiMonths":0,"kpiAmount":10517127,"kpiResult":0,"terminationRecommended":true}
[2026-02-06 08:19:20] INFO: Penalty applied | {"context":"PenaltyService","penaltyId":14,"employeeId":14,"totalFine":450000,"kpiZeroed":true}
[2026-02-06 08:19:20] DEBUG: Penalty calculated | {"context":"PenaltyService","employeeId":15,"employeeName":"ZULAYXO PAZLIDDINOVA","totalViolations":11,"totalFine":450000,"kpiZeroed":true,"kpiZeroedMonths":2,"carriedKpiMonths":0,"kpiAmount":14300572,"kpiResult":0,"terminationRecommended":true}
[2026-02-06 08:19:20] INFO: Penalty applied | {"context":"PenaltyService","penaltyId":15,"employeeId":15,"totalFine":450000,"kpiZeroed":true}
[2026-02-06 08:19:20] DEBUG: Penalty calculated | {"context":"PenaltyService","employeeId":16,"employeeName":"KSENIYA KIM","totalViolations":15,"totalFine":450000,"kpiZeroed":true,"kpiZeroedMonths":2,"carriedKpiMonths":0,"kpiAmount":13412933,"kpiResult":0,"terminationRecommended":true}
[2026-02-06 08:19:20] INFO: Penalty applied | {"context":"PenaltyService","penaltyId":16,"employeeId":16,"totalFine":450000,"kpiZeroed":true}
[2026-02-06 08:19:20] DEBUG: Penalty calculated | {"context":"PenaltyService","employeeId":17,"employeeName":"MURODJON YAKUBJANOV","totalViolations":15,"totalFine":450000,"kpiZeroed":true,"kpiZeroedMonths":2,"carriedKpiMonths":0,"kpiAmount":14777915,"kpiResult":0,"terminationRecommended":true}
[2026-02-06 08:19:20] INFO: Penalty applied | {"context":"PenaltyService","penaltyId":17,"employeeId":17,"totalFine":450000,"kpiZeroed":true}
[2026-02-06 08:19:20] DEBUG: Penalty calculated | {"context":"PenaltyService","employeeId":18,"employeeName":"RAVSHAN KARIMOV","totalViolations":8,"totalFine":450000,"kpiZeroed":true,"kpiZeroedMonths":2,"carriedKpiMonths":0,"kpiAmount":12111080,"kpiResult":0,"terminationRecommended":true}
[2026-02-06 08:19:20] INFO: Penalty applied | {"context":"PenaltyService","penaltyId":18,"employeeId":18,"totalFine":450000,"kpiZeroed":true}
[2026-02-06 08:19:20] DEBUG: Penalty calculated | {"context":"PenaltyService","employeeId":19,"employeeName":"SEVARA  ABDURAXIMOVA","totalViolations":6,"totalFine":450000,"kpiZeroed":true,"kpiZeroedMonths":2,"carriedKpiMonths":0,"kpiAmount":14099812,"kpiResult":0,"terminationRecommended":true}
[2026-02-06 08:19:20] INFO: Penalty applied | {"context":"PenaltyService","penaltyId":19,"employeeId":19,"totalFine":450000,"kpiZeroed":true}
[2026-02-06 08:19:20] DEBUG: Penalty calculated | {"context":"PenaltyService","employeeId":20,"employeeName":"ELENA SMETOVA","totalViolations":15,"totalFine":450000,"kpiZeroed":true,"kpiZeroedMonths":2,"carriedKpiMonths":0,"kpiAmount":14823957,"kpiResult":0,"terminationRecommended":true}
[2026-02-06 08:19:20] INFO: Penalty applied | {"context":"PenaltyService","penaltyId":20,"employeeId":20,"totalFine":450000,"kpiZeroed":true}
[2026-02-06 08:19:20] DEBUG: Penalty calculated | {"context":"PenaltyService","employeeId":21,"employeeName":"ROBIYA XASANOVA","totalViolations":3,"totalFine":450000,"kpiZeroed":false,"kpiZeroedMonths":0,"carriedKpiMonths":0,"kpiAmount":12639752,"kpiResult":12189752,"terminationRecommended":false}
[2026-02-06 08:19:20] INFO: Penalty applied | {"context":"PenaltyService","penaltyId":21,"employeeId":21,"totalFine":450000,"kpiZeroed":false}
[2026-02-06 08:19:20] DEBUG: Penalty calculated | {"context":"PenaltyService","employeeId":22,"employeeName":"SARDORBEK ABDURAXMONOV","totalViolations":15,"totalFine":450000,"kpiZeroed":true,"kpiZeroedMonths":2,"carriedKpiMonths":0,"kpiAmount":14410655,"kpiResult":0,"terminationRecommended":true}
[2026-02-06 08:19:20] INFO: Penalty applied | {"context":"PenaltyService","penaltyId":22,"employeeId":22,"totalFine":450000,"kpiZeroed":true}
[2026-02-06 08:19:20] DEBUG: Penalty calculated | {"context":"PenaltyService","employeeId":23,"employeeName":"SAIDA SAGDULLAYEVA","totalViolations":8,"totalFine":450000,"kpiZeroed":true,"kpiZeroedMonths":2,"carriedKpiMonths":0,"kpiAmount":11313727,"kpiResult":0,"terminationRecommended":true}
[2026-02-06 08:19:20] INFO: Penalty applied | {"context":"PenaltyService","penaltyId":23,"employeeId":23,"totalFine":450000,"kpiZeroed":true}
[2026-02-06 08:19:20] DEBUG: Penalty calculated | {"context":"PenaltyService","employeeId":24,"employeeName":"SIROJ KADIROV","totalViolations":3,"totalFine":450000,"kpiZeroed":false,"kpiZeroedMonths":0,"carriedKpiMonths":0,"kpiAmount":10247511,"kpiResult":9797511,"terminationRecommended":false}
[2026-02-06 08:19:20] INFO: Penalty applied | {"context":"PenaltyService","penaltyId":24,"employeeId":24,"totalFine":450000,"kpiZeroed":false}
[2026-02-06 08:19:20] DEBUG: Penalty calculated | {"context":"PenaltyService","employeeId":25,"employeeName":"SARVINOZ MAMATKULOVA","totalViolations":7,"totalFine":450000,"kpiZeroed":true,"kpiZeroedMonths":2,"carriedKpiMonths":0,"kpiAmount":13111037,"kpiResult":0,"terminationRecommended":true}
[2026-02-06 08:19:20] INFO: Penalty applied | {"context":"PenaltyService","penaltyId":25,"employeeId":25,"totalFine":450000,"kpiZeroed":true}
[2026-02-06 08:19:20] DEBUG: Penalty calculated | {"context":"PenaltyService","employeeId":26,"employeeName":"VALENTINA TRUSHKOVA","totalViolations":15,"totalFine":450000,"kpiZeroed":true,"kpiZeroedMonths":2,"carriedKpiMonths":0,"kpiAmount":14637634,"kpiResult":0,"terminationRecommended":true}
[2026-02-06 08:19:20] INFO: Penalty applied | {"context":"PenaltyService","penaltyId":26,"employeeId":26,"totalFine":450000,"kpiZeroed":true}
[2026-02-06 08:19:20] DEBUG: Penalty calculated | {"context":"PenaltyService","employeeId":27,"employeeName":"DILMUROD YOQUBOV","totalViolations":5,"totalFine":450000,"kpiZeroed":true,"kpiZeroedMonths":2,"carriedKpiMonths":0,"kpiAmount":14455287,"kpiResult":0,"terminationRecommended":false}
[2026-02-06 08:19:20] INFO: Penalty applied | {"context":"PenaltyService","penaltyId":27,"employeeId":27,"totalFine":450000,"kpiZeroed":true}
[2026-02-06 08:19:20] DEBUG: Penalty calculated | {"context":"PenaltyService","employeeId":28,"employeeName":"ABDULBOSIT TO'YCHIYEV","totalViolations":15,"totalFine":450000,"kpiZeroed":true,"kpiZeroedMonths":2,"carriedKpiMonths":0,"kpiAmount":12825026,"kpiResult":0,"terminationRecommended":true}
[2026-02-06 08:19:20] INFO: Penalty applied | {"context":"PenaltyService","penaltyId":28,"employeeId":28,"totalFine":450000,"kpiZeroed":true}
[2026-02-06 08:19:20] DEBUG: Penalty calculated | {"context":"PenaltyService","employeeId":29,"employeeName":"SANOBARXON ERGASHEVA","totalViolations":15,"totalFine":450000,"kpiZeroed":true,"kpiZeroedMonths":2,"carriedKpiMonths":0,"kpiAmount":14340010,"kpiResult":0,"terminationRecommended":true}
[2026-02-06 08:19:20] INFO: Penalty applied | {"context":"PenaltyService","penaltyId":29,"employeeId":29,"totalFine":450000,"kpiZeroed":true}
[2026-02-06 08:19:20] DEBUG: Penalty calculated | {"context":"PenaltyService","employeeId":30,"employeeName":"KAMOLIDDIN ATAQULOV","totalViolations":6,"totalFine":450000,"kpiZeroed":true,"kpiZeroedMonths":2,"carriedKpiMonths":0,"kpiAmount":12348708,"kpiResult":0,"terminationRecommended":true}
[2026-02-06 08:19:20] INFO: Penalty applied | {"context":"PenaltyService","penaltyId":30,"employeeId":30,"totalFine":450000,"kpiZeroed":true}
[2026-02-06 08:19:20] DEBUG: Penalty calculated | {"context":"PenaltyService","employeeId":31,"employeeName":"MAKSIM GARMASH","totalViolations":15,"totalFine":450000,"kpiZeroed":true,"kpiZeroedMonths":2,"carriedKpiMonths":0,"kpiAmount":10499967,"kpiResult":0,"terminationRecommended":true}
[2026-02-06 08:19:20] INFO: Penalty applied | {"context":"PenaltyService","penaltyId":31,"employeeId":31,"totalFine":450000,"kpiZeroed":true}
[2026-02-06 08:19:20] DEBUG: Penalty calculated | {"context":"PenaltyService","employeeId":32,"employeeName":"KAROLINA ALAKINA","totalViolations":4,"totalFine":450000,"kpiZeroed":true,"kpiZeroedMonths":1,"carriedKpiMonths":0,"kpiAmount":14037580,"kpiResult":0,"terminationRecommended":false}
[2026-02-06 08:19:20] INFO: Penalty applied | {"context":"PenaltyService","penaltyId":32,"employeeId":32,"totalFine":450000,"kpiZeroed":true}
[2026-02-06 08:19:20] DEBUG: Penalty calculated | {"context":"PenaltyService","employeeId":33,"employeeName":"AVAZJON MO'MINJON O'G'L MIRZAYEV","totalViolations":2,"totalFine":250000,"kpiZeroed":false,"kpiZeroedMonths":0,"carriedKpiMonths":0,"kpiAmount":13718310,"kpiResult":13468310,"terminationRecommended":false}
[2026-02-06 08:19:20] INFO: Penalty applied | {"context":"PenaltyService","penaltyId":33,"employeeId":33,"totalFine":250000,"kpiZeroed":false}
[2026-02-06 08:19:20] DEBUG: Penalty calculated | {"context":"PenaltyService","employeeId":34,"employeeName":"SIROJ O'RINBOYEV","totalViolations":9,"totalFine":450000,"kpiZeroed":true,"kpiZeroedMonths":2,"carriedKpiMonths":0,"kpiAmount":13848312,"kpiResult":0,"terminationRecommended":true}
[2026-02-06 08:19:20] INFO: Penalty applied | {"context":"PenaltyService","penaltyId":34,"employeeId":34,"totalFine":450000,"kpiZeroed":true}
[2026-02-06 08:19:20] DEBUG: Penalty calculated | {"context":"PenaltyService","employeeId":35,"employeeName":"FERUZAXON AZIZALIYEVA","totalViolations":7,"totalFine":450000,"kpiZeroed":true,"kpiZeroedMonths":2,"carriedKpiMonths":0,"kpiAmount":11352353,"kpiResult":0,"terminationRecommended":true}
[2026-02-06 08:19:20] INFO: Penalty applied | {"context":"PenaltyService","penaltyId":35,"employeeId":35,"totalFine":450000,"kpiZeroed":true}
[2026-02-06 08:19:20] DEBUG: Penalty calculated | {"context":"PenaltyService","employeeId":36,"employeeName":"PARIZODA FAYZULLAYEVA","totalViolations":16,"totalFine":450000,"kpiZeroed":true,"kpiZeroedMonths":2,"carriedKpiMonths":0,"kpiAmount":12710467,"kpiResult":0,"terminationRecommended":true}
[2026-02-06 08:19:20] INFO: Penalty applied | {"context":"PenaltyService","penaltyId":36,"employeeId":36,"totalFine":450000,"kpiZeroed":true}
[2026-02-06 08:19:20] DEBUG: Penalty calculated | {"context":"PenaltyService","employeeId":37,"employeeName":"ELNORA DANIYAROVA","totalViolations":9,"totalFine":450000,"kpiZeroed":true,"kpiZeroedMonths":2,"carriedKpiMonths":0,"kpiAmount":11948541,"kpiResult":0,"terminationRecommended":true}
[2026-02-06 08:19:20] INFO: Penalty applied | {"context":"PenaltyService","penaltyId":37,"employeeId":37,"totalFine":450000,"kpiZeroed":true}
[2026-02-06 08:19:20] DEBUG: Penalty calculated | {"context":"PenaltyService","employeeId":38,"employeeName":"MADINABONU XAMIDOVA","totalViolations":15,"totalFine":450000,"kpiZeroed":true,"kpiZeroedMonths":2,"carriedKpiMonths":0,"kpiAmount":13527195,"kpiResult":0,"terminationRecommended":true}
[2026-02-06 08:19:20] INFO: Penalty applied | {"context":"PenaltyService","penaltyId":38,"employeeId":38,"totalFine":450000,"kpiZeroed":true}
[2026-02-06 08:19:20] DEBUG: Penalty calculated | {"context":"PenaltyService","employeeId":39,"employeeName":"JAMSHIDBEK ANVAROV","totalViolations":18,"totalFine":450000,"kpiZeroed":true,"kpiZeroedMonths":2,"carriedKpiMonths":0,"kpiAmount":12294386,"kpiResult":0,"terminationRecommended":true}
[2026-02-06 08:19:20] INFO: Penalty applied | {"context":"PenaltyService","penaltyId":39,"employeeId":39,"totalFine":450000,"kpiZeroed":true}
[2026-02-06 08:19:20] DEBUG: Penalty calculated | {"context":"PenaltyService","employeeId":40,"employeeName":"GAVXAR ABDUVALIYEVA","totalViolations":4,"totalFine":450000,"kpiZeroed":true,"kpiZeroedMonths":1,"carriedKpiMonths":0,"kpiAmount":11197983,"kpiResult":0,"terminationRecommended":false}
[2026-02-06 08:19:20] INFO: Penalty applied | {"context":"PenaltyService","penaltyId":40,"employeeId":40,"totalFine":450000,"kpiZeroed":true}
[2026-02-06 08:19:20] DEBUG: Penalty calculated | {"context":"PenaltyService","employeeId":41,"employeeName":"BOBURJON SHOKIROV","totalViolations":6,"totalFine":450000,"kpiZeroed":true,"kpiZeroedMonths":2,"carriedKpiMonths":0,"kpiAmount":13368156,"kpiResult":0,"terminationRecommended":true}
[2026-02-06 08:19:20] INFO: Penalty applied | {"context":"PenaltyService","penaltyId":41,"employeeId":41,"totalFine":450000,"kpiZeroed":true}
[2026-02-06 08:19:20] DEBUG: Penalty calculated | {"context":"PenaltyService","employeeId":42,"employeeName":"ODINA SULTONOVA","totalViolations":15,"totalFine":450000,"kpiZeroed":true,"kpiZeroedMonths":2,"carriedKpiMonths":0,"kpiAmount":12235227,"kpiResult":0,"terminationRecommended":true}
[2026-02-06 08:19:20] INFO: Penalty applied | {"context":"PenaltyService","penaltyId":42,"employeeId":42,"totalFine":450000,"kpiZeroed":true}
[2026-02-06 08:19:20] DEBUG: Penalty calculated | {"context":"PenaltyService","employeeId":43,"employeeName":"MAXIRA USMONOVA","totalViolations":6,"totalFine":450000,"kpiZeroed":true,"kpiZeroedMonths":2,"carriedKpiMonths":0,"kpiAmount":11614694,"kpiResult":0,"terminationRecommended":true}
[2026-02-06 08:19:20] INFO: Penalty applied | {"context":"PenaltyService","penaltyId":43,"employeeId":43,"totalFine":450000,"kpiZeroed":true}
[2026-02-06 08:19:20] DEBUG: Penalty calculated | {"context":"PenaltyService","employeeId":44,"employeeName":"CHAROS SHUKURJONOVA","totalViolations":16,"totalFine":450000,"kpiZeroed":true,"kpiZeroedMonths":2,"carriedKpiMonths":0,"kpiAmount":11717210,"kpiResult":0,"terminationRecommended":true}
[2026-02-06 08:19:20] INFO: Penalty applied | {"context":"PenaltyService","penaltyId":44,"employeeId":44,"totalFine":450000,"kpiZeroed":true}
[2026-02-06 08:19:20] DEBUG: Penalty calculated | {"context":"PenaltyService","employeeId":45,"employeeName":"AZAMAT XODJAYEV","totalViolations":4,"totalFine":450000,"kpiZeroed":true,"kpiZeroedMonths":1,"carriedKpiMonths":0,"kpiAmount":13973468,"kpiResult":0,"terminationRecommended":false}
[2026-02-06 08:19:20] INFO: Penalty applied | {"context":"PenaltyService","penaltyId":45,"employeeId":45,"totalFine":450000,"kpiZeroed":true}
[2026-02-06 08:19:20] DEBUG: Penalty calculated | {"context":"PenaltyService","employeeId":46,"employeeName":"VALERIYA BURXONOVA","totalViolations":7,"totalFine":450000,"kpiZeroed":true,"kpiZeroedMonths":2,"carriedKpiMonths":0,"kpiAmount":13941357,"kpiResult":0,"terminationRecommended":true}
[2026-02-06 08:19:21] INFO: Penalty applied | {"context":"PenaltyService","penaltyId":46,"employeeId":46,"totalFine":450000,"kpiZeroed":true}
[2026-02-06 08:19:21] DEBUG: Penalty calculated | {"context":"PenaltyService","employeeId":47,"employeeName":"SAIDXON QILICHOV","totalViolations":4,"totalFine":450000,"kpiZeroed":true,"kpiZeroedMonths":1,"carriedKpiMonths":0,"kpiAmount":10413980,"kpiResult":0,"terminationRecommended":false}
[2026-02-06 08:19:21] INFO: Penalty applied | {"context":"PenaltyService","penaltyId":47,"employeeId":47,"totalFine":450000,"kpiZeroed":true}
[2026-02-06 08:19:21] DEBUG: Penalty calculated | {"context":"PenaltyService","employeeId":48,"employeeName":"OTABEK BURXONOV","totalViolations":15,"totalFine":450000,"kpiZeroed":true,"kpiZeroedMonths":2,"carriedKpiMonths":0,"kpiAmount":14513983,"kpiResult":0,"terminationRecommended":true}
[2026-02-06 08:19:21] INFO: Penalty applied | {"context":"PenaltyService","penaltyId":48,"employeeId":48,"totalFine":450000,"kpiZeroed":true}
[2026-02-06 08:19:21] DEBUG: Penalty calculated | {"context":"PenaltyService","employeeId":49,"employeeName":"SHOIRA ALLANUROVA","totalViolations":2,"totalFine":250000,"kpiZeroed":false,"kpiZeroedMonths":0,"carriedKpiMonths":0,"kpiAmount":11675674,"kpiResult":11425674,"terminationRecommended":false}
[2026-02-06 08:19:21] INFO: Penalty applied | {"context":"PenaltyService","penaltyId":49,"employeeId":49,"totalFine":250000,"kpiZeroed":false}
[2026-02-06 08:19:21] DEBUG: Penalty calculated | {"context":"PenaltyService","employeeId":50,"employeeName":"ZAMIR BILALOV","totalViolations":8,"totalFine":450000,"kpiZeroed":true,"kpiZeroedMonths":2,"carriedKpiMonths":0,"kpiAmount":13046034,"kpiResult":0,"terminationRecommended":true}
[2026-02-06 08:19:21] INFO: Penalty applied | {"context":"PenaltyService","penaltyId":50,"employeeId":50,"totalFine":450000,"kpiZeroed":true}
[2026-02-06 08:19:21] DEBUG: Penalty calculated | {"context":"PenaltyService","employeeId":51,"employeeName":"VIOLETTA KOZINA","totalViolations":4,"totalFine":450000,"kpiZeroed":true,"kpiZeroedMonths":1,"carriedKpiMonths":0,"kpiAmount":10699162,"kpiResult":0,"terminationRecommended":false}
[2026-02-06 08:19:21] INFO: Penalty applied | {"context":"PenaltyService","penaltyId":51,"employeeId":51,"totalFine":450000,"kpiZeroed":true}
[2026-02-06 08:19:21] DEBUG: Penalty calculated | {"context":"PenaltyService","employeeId":52,"employeeName":"RAXMAT KARIYEV","totalViolations":6,"totalFine":450000,"kpiZeroed":true,"kpiZeroedMonths":2,"carriedKpiMonths":0,"kpiAmount":10894061,"kpiResult":0,"terminationRecommended":true}
[2026-02-06 08:19:21] INFO: Penalty applied | {"context":"PenaltyService","penaltyId":52,"employeeId":52,"totalFine":450000,"kpiZeroed":true}
[2026-02-06 08:19:21] DEBUG: Penalty calculated | {"context":"PenaltyService","employeeId":53,"employeeName":"AZIZ ZAKIROV","totalViolations":16,"totalFine":450000,"kpiZeroed":true,"kpiZeroedMonths":2,"carriedKpiMonths":0,"kpiAmount":12900908,"kpiResult":0,"terminationRecommended":true}
[2026-02-06 08:19:21] INFO: Penalty applied | {"context":"PenaltyService","penaltyId":53,"employeeId":53,"totalFine":450000,"kpiZeroed":true}
[2026-02-06 08:19:21] DEBUG: Penalty calculated | {"context":"PenaltyService","employeeId":54,"employeeName":"YULDUZ XASANOVA","totalViolations":2,"totalFine":250000,"kpiZeroed":false,"kpiZeroedMonths":0,"carriedKpiMonths":0,"kpiAmount":11145625,"kpiResult":10895625,"terminationRecommended":false}
[2026-02-06 08:19:21] INFO: Penalty applied | {"context":"PenaltyService","penaltyId":54,"employeeId":54,"totalFine":250000,"kpiZeroed":false}
[2026-02-06 08:19:21] DEBUG: Penalty calculated | {"context":"PenaltyService","employeeId":55,"employeeName":"FARIDA AYTMURATOVA","totalViolations":2,"totalFine":250000,"kpiZeroed":false,"kpiZeroedMonths":0,"carriedKpiMonths":0,"kpiAmount":13124509,"kpiResult":12874509,"terminationRecommended":false}
[2026-02-06 08:19:21] INFO: Penalty applied | {"context":"PenaltyService","penaltyId":55,"employeeId":55,"totalFine":250000,"kpiZeroed":false}
[2026-02-06 08:19:21] DEBUG: Penalty calculated | {"context":"PenaltyService","employeeId":56,"employeeName":"LAZIZXON MAXAMADJONOV","totalViolations":1,"totalFine":100000,"kpiZeroed":false,"kpiZeroedMonths":0,"carriedKpiMonths":0,"kpiAmount":13738276,"kpiResult":13638276,"terminationRecommended":false}
[2026-02-06 08:19:21] INFO: Penalty applied | {"context":"PenaltyService","penaltyId":56,"employeeId":56,"totalFine":100000,"kpiZeroed":false}
[2026-02-06 08:19:21] DEBUG: Penalty calculated | {"context":"PenaltyService","employeeId":57,"employeeName":"EMIL APPAZOV","totalViolations":8,"totalFine":450000,"kpiZeroed":true,"kpiZeroedMonths":2,"carriedKpiMonths":0,"kpiAmount":14960619,"kpiResult":0,"terminationRecommended":true}
[2026-02-06 08:19:21] INFO: Penalty applied | {"context":"PenaltyService","penaltyId":57,"employeeId":57,"totalFine":450000,"kpiZeroed":true}
[2026-02-06 08:19:21] DEBUG: Penalty calculated | {"context":"PenaltyService","employeeId":58,"employeeName":"RUMIYA GORINA","totalViolations":6,"totalFine":450000,"kpiZeroed":true,"kpiZeroedMonths":2,"carriedKpiMonths":0,"kpiAmount":14088402,"kpiResult":0,"terminationRecommended":true}
[2026-02-06 08:19:21] INFO: Penalty applied | {"context":"PenaltyService","penaltyId":58,"employeeId":58,"totalFine":450000,"kpiZeroed":true}
[2026-02-06 08:19:21] DEBUG: Penalty calculated | {"context":"PenaltyService","employeeId":59,"employeeName":"OLGA PETROVA","totalViolations":2,"totalFine":250000,"kpiZeroed":false,"kpiZeroedMonths":0,"carriedKpiMonths":0,"kpiAmount":10803026,"kpiResult":10553026,"terminationRecommended":false}
[2026-02-06 08:19:21] INFO: Penalty applied | {"context":"PenaltyService","penaltyId":59,"employeeId":59,"totalFine":250000,"kpiZeroed":false}
[2026-02-06 08:19:21] DEBUG: Penalty calculated | {"context":"PenaltyService","employeeId":60,"employeeName":"NIGORA DJURABAYEVA","totalViolations":5,"totalFine":450000,"kpiZeroed":true,"kpiZeroedMonths":2,"carriedKpiMonths":0,"kpiAmount":14344155,"kpiResult":0,"terminationRecommended":false}
[2026-02-06 08:19:21] INFO: Penalty applied | {"context":"PenaltyService","penaltyId":60,"employeeId":60,"totalFine":450000,"kpiZeroed":true}
[2026-02-06 08:19:21] DEBUG: Penalty calculated | {"context":"PenaltyService","employeeId":61,"employeeName":"JAHONGIR SOATOV","totalViolations":2,"totalFine":250000,"kpiZeroed":false,"kpiZeroedMonths":0,"carriedKpiMonths":0,"kpiAmount":12797572,"kpiResult":12547572,"terminationRecommended":false}
[2026-02-06 08:19:21] INFO: Penalty applied | {"context":"PenaltyService","penaltyId":61,"employeeId":61,"totalFine":250000,"kpiZeroed":false}
[2026-02-06 08:19:21] DEBUG: Penalty calculated | {"context":"PenaltyService","employeeId":62,"employeeName":"SHAMSIDDIN JORAYEV","totalViolations":8,"totalFine":450000,"kpiZeroed":true,"kpiZeroedMonths":2,"carriedKpiMonths":0,"kpiAmount":13948088,"kpiResult":0,"terminationRecommended":true}
[2026-02-06 08:19:21] INFO: Penalty applied | {"context":"PenaltyService","penaltyId":62,"employeeId":62,"totalFine":450000,"kpiZeroed":true}
[2026-02-06 08:19:21] DEBUG: Penalty calculated | {"context":"PenaltyService","employeeId":63,"employeeName":"ENVER SULEYMANOV","totalViolations":7,"totalFine":450000,"kpiZeroed":true,"kpiZeroedMonths":2,"carriedKpiMonths":0,"kpiAmount":10429368,"kpiResult":0,"terminationRecommended":true}
[2026-02-06 08:19:21] INFO: Penalty applied | {"context":"PenaltyService","penaltyId":63,"employeeId":63,"totalFine":450000,"kpiZeroed":true}
[2026-02-06 08:19:21] DEBUG: Penalty calculated | {"context":"PenaltyService","employeeId":64,"employeeName":"RUSTAM AXMEDOV","totalViolations":2,"totalFine":250000,"kpiZeroed":false,"kpiZeroedMonths":0,"carriedKpiMonths":0,"kpiAmount":14071163,"kpiResult":13821163,"terminationRecommended":false}
[2026-02-06 08:19:21] INFO: Penalty applied | {"context":"PenaltyService","penaltyId":64,"employeeId":64,"totalFine":250000,"kpiZeroed":false}
[2026-02-06 08:19:21] DEBUG: Penalty calculated | {"context":"PenaltyService","employeeId":65,"employeeName":"ALBERT RINATOVICH","totalViolations":5,"totalFine":450000,"kpiZeroed":true,"kpiZeroedMonths":2,"carriedKpiMonths":0,"kpiAmount":10979569,"kpiResult":0,"terminationRecommended":false}
[2026-02-06 08:19:21] INFO: Penalty applied | {"context":"PenaltyService","penaltyId":65,"employeeId":65,"totalFine":450000,"kpiZeroed":true}
[2026-02-06 08:19:21] DEBUG: Penalty calculated | {"context":"PenaltyService","employeeId":66,"employeeName":"ALESYA STANIKOVA","totalViolations":3,"totalFine":450000,"kpiZeroed":false,"kpiZeroedMonths":0,"carriedKpiMonths":0,"kpiAmount":13680610,"kpiResult":13230610,"terminationRecommended":false}
[2026-02-06 08:19:21] INFO: Penalty applied | {"context":"PenaltyService","penaltyId":66,"employeeId":66,"totalFine":450000,"kpiZeroed":false}
[2026-02-06 08:19:21] DEBUG: Penalty calculated | {"context":"PenaltyService","employeeId":67,"employeeName":"AZIZA KASIMOVA","totalViolations":1,"totalFine":100000,"kpiZeroed":false,"kpiZeroedMonths":0,"carriedKpiMonths":0,"kpiAmount":10470069,"kpiResult":10370069,"terminationRecommended":false}
[2026-02-06 08:19:21] INFO: Penalty applied | {"context":"PenaltyService","penaltyId":67,"employeeId":67,"totalFine":100000,"kpiZeroed":false}
[2026-02-06 08:19:21] DEBUG: Penalty calculated | {"context":"PenaltyService","employeeId":68,"employeeName":"AZIZBEK ORTIQOV","totalViolations":15,"totalFine":450000,"kpiZeroed":true,"kpiZeroedMonths":2,"carriedKpiMonths":0,"kpiAmount":11526425,"kpiResult":0,"terminationRecommended":true}
[2026-02-06 08:19:21] INFO: Penalty applied | {"context":"PenaltyService","penaltyId":68,"employeeId":68,"totalFine":450000,"kpiZeroed":true}
[2026-02-06 08:19:21] DEBUG: Penalty calculated | {"context":"PenaltyService","employeeId":69,"employeeName":"ALEKSANDR KONONSEV","totalViolations":21,"totalFine":450000,"kpiZeroed":true,"kpiZeroedMonths":2,"carriedKpiMonths":0,"kpiAmount":13842180,"kpiResult":0,"terminationRecommended":true}
[2026-02-06 08:19:21] INFO: Penalty applied | {"context":"PenaltyService","penaltyId":69,"employeeId":69,"totalFine":450000,"kpiZeroed":true}
[2026-02-06 08:19:21] DEBUG: Penalty calculated | {"context":"PenaltyService","employeeId":70,"employeeName":"ILSUR XAYRUTDINOV","totalViolations":16,"totalFine":450000,"kpiZeroed":true,"kpiZeroedMonths":2,"carriedKpiMonths":0,"kpiAmount":11434696,"kpiResult":0,"terminationRecommended":true}
[2026-02-06 08:19:21] INFO: Penalty applied | {"context":"PenaltyService","penaltyId":70,"employeeId":70,"totalFine":450000,"kpiZeroed":true}
[2026-02-06 08:19:21] DEBUG: Penalty calculated | {"context":"PenaltyService","employeeId":71,"employeeName":"VLADIMIR ZAYSEV","totalViolations":12,"totalFine":450000,"kpiZeroed":true,"kpiZeroedMonths":2,"carriedKpiMonths":0,"kpiAmount":14273314,"kpiResult":0,"terminationRecommended":true}
[2026-02-06 08:19:21] INFO: Penalty applied | {"context":"PenaltyService","penaltyId":71,"employeeId":71,"totalFine":450000,"kpiZeroed":true}
[2026-02-06 08:19:21] DEBUG: Penalty calculated | {"context":"PenaltyService","employeeId":72,"employeeName":"EZOZA TURGUNOVA","totalViolations":17,"totalFine":450000,"kpiZeroed":true,"kpiZeroedMonths":2,"carriedKpiMonths":0,"kpiAmount":12179092,"kpiResult":0,"terminationRecommended":true}
[2026-02-06 08:19:21] INFO: Penalty applied | {"context":"PenaltyService","penaltyId":72,"employeeId":72,"totalFine":450000,"kpiZeroed":true}
[2026-02-06 08:19:21] DEBUG: Penalty calculated | {"context":"PenaltyService","employeeId":73,"employeeName":"BURXON SAMADOV","totalViolations":15,"totalFine":450000,"kpiZeroed":true,"kpiZeroedMonths":2,"carriedKpiMonths":0,"kpiAmount":10589409,"kpiResult":0,"terminationRecommended":true}
[2026-02-06 08:19:21] INFO: Penalty applied | {"context":"PenaltyService","penaltyId":73,"employeeId":73,"totalFine":450000,"kpiZeroed":true}
[2026-02-06 08:19:21] DEBUG: Penalty calculated | {"context":"PenaltyService","employeeId":74,"employeeName":"AZODA MINGAZITDINOVA","totalViolations":1,"totalFine":100000,"kpiZeroed":false,"kpiZeroedMonths":0,"carriedKpiMonths":0,"kpiAmount":14170545,"kpiResult":14070545,"terminationRecommended":false}
[2026-02-06 08:19:21] INFO: Penalty applied | {"context":"PenaltyService","penaltyId":74,"employeeId":74,"totalFine":100000,"kpiZeroed":false}
[2026-02-06 08:19:21] INFO: Bulk penalty calculation completed | {"context":"PenaltyService","year":2026,"month":1,"totalEmployees":74,"totalFines":30850000,"kpiZeroed":61,"terminations":53}
[2026-02-06 08:19:21] INFO: Penalties calculated | {"context":"PenaltyAPI","year":2026,"month":1,"totalEmployees":74,"employeesWithFines":74,"totalFineAmount":30850000,"kpiZeroedCount":61,"terminationCount":53}
[2026-02-06 08:19:21] INFO: POST /calculate | {"status":200,"duration":"1382ms"}
[2026-02-06 08:19:21] INFO: Applied penalties fetched | {"context":"PenaltyAPI","year":"2026","month":"1","count":74}
[2026-02-06 08:19:21] INFO: GET / | {"status":200,"duration":"6ms","query":{"year":"2026","month":"1"}}
[2026-02-06 08:19:21] INFO: Penalty summary fetched | {"context":"PenaltyAPI","year":"2026","month":"1","totalEmployees":74,"employeesWithFines":74,"totalFineAmount":30850000,"kpiZeroedCount":61,"terminationCount":53}
[2026-02-06 08:19:21] INFO: GET /summary | {"status":304,"duration":"7ms","query":{"year":"2026","month":"1"}}
[2026-02-06 08:19:23] INFO: Compensation records fetched | {"context":"CompensationAPI","count":0,"year":"2026","month":"2"}
[2026-02-06 08:19:23] INFO: GET / | {"status":304,"duration":"2ms","query":{"year":"2026","month":"2"}}
[2026-02-06 08:19:23] INFO: Compensation records fetched | {"context":"CompensationAPI","count":0,"year":"2026","month":"2"}
[2026-02-06 08:19:23] INFO: GET / | {"status":304,"duration":"1ms","query":{"year":"2026","month":"2"}}
[2026-02-06 08:19:25] INFO: Compensation records fetched | {"context":"CompensationAPI","count":74,"year":"2026","month":"1"}
[2026-02-06 08:19:25] INFO: GET / | {"status":304,"duration":"3ms","query":{"year":"2026","month":"1"}}
[2026-02-06 08:19:27] INFO: GET / | {"status":304,"duration":"1ms","query":{"year":"2026","month":"2"}}
[2026-02-06 08:19:27] INFO: GET / | {"status":304,"duration":"0ms","query":{"year":"2026","month":"2"}}
[2026-02-06 08:19:30] INFO: GET / | {"status":304,"duration":"1ms","query":{"year":"2026","month":"1"}}
[2026-02-06 08:19:32] INFO: POST /calculate | {"status":500,"duration":"6ms"}
[2026-02-06 08:20:54] INFO: Initializing database...
[2026-02-06 08:20:54] INFO: Initializing database connection | {"path":"D:\\programming\\github\\Employee-Churn-Prediction\\hr-analytics\\server\\data\\hr_analytics.db"}
[2026-02-06 08:20:54] INFO: Loaded existing database
[2026-02-06 08:20:54] INFO: Database connection established successfully
[2026-02-06 08:20:54] INFO: Running database migrations...
[2026-02-06 08:20:54] INFO: Starting database migrations...
[2026-02-06 08:20:54] DEBUG: Migration 1/69 completed
[2026-02-06 08:20:54] DEBUG: Migration 2/69 completed
[2026-02-06 08:20:54] DEBUG: Migration 3/69 completed
[2026-02-06 08:20:54] DEBUG: Migration 4/69 completed
[2026-02-06 08:20:54] DEBUG: Migration 5/69 completed
[2026-02-06 08:20:54] DEBUG: Migration 6/69 completed
[2026-02-06 08:20:54] DEBUG: Migration 7/69 completed
[2026-02-06 08:20:54] DEBUG: Migration 8/69 completed
[2026-02-06 08:20:54] DEBUG: Migration 9/69 completed
[2026-02-06 08:20:54] DEBUG: Migration 10/69 completed
[2026-02-06 08:20:54] DEBUG: Migration 11/69 completed
[2026-02-06 08:20:54] DEBUG: Migration 12/69 completed
[2026-02-06 08:20:54] DEBUG: Migration 13/69 completed
[2026-02-06 08:20:54] DEBUG: Migration 14/69 completed
[2026-02-06 08:20:54] DEBUG: Migration 15/69 completed
[2026-02-06 08:20:54] DEBUG: Migration 16/69 completed
[2026-02-06 08:20:54] DEBUG: Migration 17/69 completed
[2026-02-06 08:20:54] DEBUG: Migration 18/69 completed
[2026-02-06 08:20:54] DEBUG: Migration 19/69 completed
[2026-02-06 08:20:54] DEBUG: Migration 20/69 completed
[2026-02-06 08:20:54] DEBUG: Migration 21/69 completed
[2026-02-06 08:20:54] DEBUG: Migration 22/69 completed
[2026-02-06 08:20:54] DEBUG: Migration 23/69 completed
[2026-02-06 08:20:54] DEBUG: Migration 24/69 completed
[2026-02-06 08:20:54] DEBUG: Migration 25/69 completed
[2026-02-06 08:20:54] DEBUG: Migration 26/69 completed
[2026-02-06 08:20:54] DEBUG: Migration 27/69 completed
[2026-02-06 08:20:54] DEBUG: Migration 28/69 completed
[2026-02-06 08:20:54] DEBUG: Migration 29/69 completed
[2026-02-06 08:20:54] DEBUG: Migration 30/69 completed
[2026-02-06 08:20:54] DEBUG: Migration 31/69 completed
[2026-02-06 08:20:54] DEBUG: Migration 32/69 completed
[2026-02-06 08:20:54] DEBUG: Migration 33/69 completed
[2026-02-06 08:20:54] DEBUG: Migration 34/69 completed
[2026-02-06 08:20:54] DEBUG: Migration 35/69 completed
[2026-02-06 08:20:54] DEBUG: Migration 36/69 completed
[2026-02-06 08:20:54] DEBUG: Migration 37/69 completed
[2026-02-06 08:20:54] DEBUG: Migration 38/69 completed
[2026-02-06 08:20:54] DEBUG: Migration 39/69 completed
[2026-02-06 08:20:54] DEBUG: Migration 40/69 completed
[2026-02-06 08:20:54] DEBUG: Migration 41/69 completed
[2026-02-06 08:20:54] DEBUG: Migration 42/69 completed
[2026-02-06 08:20:54] DEBUG: Migration 43/69 completed
[2026-02-06 08:20:54] DEBUG: Migration 44/69 skipped (column already exists)
[2026-02-06 08:20:54] DEBUG: Migration 45/69 skipped (column already exists)
[2026-02-06 08:20:54] DEBUG: Migration 46/69 skipped (column already exists)
[2026-02-06 08:20:54] DEBUG: Migration 47/69 completed
[2026-02-06 08:20:54] DEBUG: Migration 48/69 completed
[2026-02-06 08:20:54] DEBUG: Migration 49/69 skipped (column already exists)
[2026-02-06 08:20:54] DEBUG: Migration 50/69 skipped (column already exists)
[2026-02-06 08:20:54] DEBUG: Migration 51/69 skipped (column already exists)
[2026-02-06 08:20:54] DEBUG: Migration 52/69 skipped (column already exists)
[2026-02-06 08:20:54] DEBUG: Migration 53/69 skipped (column already exists)
[2026-02-06 08:20:54] DEBUG: Migration 54/69 skipped (column already exists)
[2026-02-06 08:20:54] DEBUG: Migration 55/69 skipped (column already exists)
[2026-02-06 08:20:54] DEBUG: Migration 56/69 completed
[2026-02-06 08:20:54] DEBUG: Migration 57/69 skipped (column already exists)
[2026-02-06 08:20:54] DEBUG: Migration 58/69 completed
[2026-02-06 08:20:54] DEBUG: Migration 59/69 skipped (column already exists)
[2026-02-06 08:20:54] DEBUG: Migration 60/69 skipped (column already exists)
[2026-02-06 08:20:54] DEBUG: Migration 61/69 skipped (column already exists)
[2026-02-06 08:20:54] DEBUG: Migration 62/69 completed
[2026-02-06 08:20:54] DEBUG: Migration 63/69 skipped (column already exists)
[2026-02-06 08:20:54] DEBUG: Migration 64/69 skipped (column already exists)
[2026-02-06 08:20:54] DEBUG: Migration 65/69 skipped (column already exists)
[2026-02-06 08:20:54] DEBUG: Migration 66/69 completed
[2026-02-06 08:20:54] DEBUG: Migration 67/69 completed
[2026-02-06 08:20:54] DEBUG: Migration 68/69 completed
[2026-02-06 08:20:54] DEBUG: Migration 69/69 completed
[2026-02-06 08:20:54] INFO: All 69 migrations completed successfully
[2026-02-06 08:20:54] INFO: 🚀 HR Analytics API server started | {"port":3001,"environment":"development","url":"http://localhost:3001"}
[2026-02-06 08:20:54] INFO: Available endpoints:
[2026-02-06 08:20:54] INFO:   GET  /api/health
[2026-02-06 08:20:54] INFO:   GET  /api/employees
[2026-02-06 08:20:54] INFO:   GET  /api/departments
[2026-02-06 08:20:54] INFO:   GET  /api/schedules
[2026-02-06 08:20:54] INFO:   POST /api/import/upload
[2026-02-06 08:20:54] INFO:   POST /api/import/recalculate
[2026-02-06 08:20:54] INFO:   GET  /api/settings/calculation
[2026-02-06 08:20:54] INFO:   GET  /api/violations/summary
[2026-02-06 08:20:54] INFO:   POST /api/violations/calculate
[2026-02-06 08:20:54] INFO:   GET  /api/penalties
[2026-02-06 08:20:54] INFO:   POST /api/penalties/calculate
[2026-02-06 08:21:01] INFO: GET / | {"status":304,"duration":"5ms","query":{"year":"2026","month":"2"}}
[2026-02-06 08:21:01] INFO: GET / | {"status":304,"duration":"1ms","query":{"year":"2026","month":"2"}}
[2026-02-06 08:21:03] INFO: POST /calculate | {"status":200,"duration":"2ms"}
[2026-02-06 08:21:03] INFO: GET / | {"status":304,"duration":"2ms","query":{"year":"2026","month":"2"}}
[2026-02-06 08:21:07] INFO: GET / | {"status":304,"duration":"1ms","query":{"year":"2026","month":"1"}}
[2026-02-06 08:21:08] INFO: POST /calculate | {"status":200,"duration":"121ms"}
[2026-02-06 08:21:08] INFO: GET / | {"status":304,"duration":"1ms","query":{"year":"2026","month":"1"}}
[2026-02-06 08:21:26] INFO: POST /calculate | {"status":200,"duration":"96ms"}
[2026-02-06 08:21:26] INFO: GET / | {"status":304,"duration":"1ms","query":{"year":"2026","month":"1"}}
[2026-02-06 08:21:36] INFO: Compensation records fetched | {"context":"CompensationAPI","count":0,"year":"2026","month":"2"}
[2026-02-06 08:21:36] INFO: GET / | {"status":304,"duration":"3ms","query":{"year":"2026","month":"2"}}
[2026-02-06 08:21:36] INFO: Compensation records fetched | {"context":"CompensationAPI","count":0,"year":"2026","month":"2"}
[2026-02-06 08:21:36] INFO: GET / | {"status":304,"duration":"2ms","query":{"year":"2026","month":"2"}}
[2026-02-06 08:21:40] DEBUG: Getting list of all tables | {"context":"DBExplorerAPI"}
[2026-02-06 08:21:40] INFO: GET /tables | {"status":200,"duration":"4ms"}
[2026-02-06 08:21:40] DEBUG: Getting list of all tables | {"context":"DBExplorerAPI"}
[2026-02-06 08:21:40] INFO: GET /tables | {"status":304,"duration":"3ms"}
[2026-02-06 08:21:41] DEBUG: Getting list of all tables | {"context":"DBExplorerAPI"}
[2026-02-06 08:21:41] INFO: GET /tables | {"status":304,"duration":"3ms"}
[2026-02-06 08:21:41] DEBUG: Getting list of all tables | {"context":"DBExplorerAPI"}
[2026-02-06 08:21:41] INFO: GET /tables | {"status":304,"duration":"2ms"}
[2026-02-06 08:21:45] DEBUG: Getting table data | {"context":"DBExplorerAPI","tableName":"employee_compensation","limit":50,"offset":0}
[2026-02-06 08:21:45] INFO: GET /tables/employee_compensation | {"status":200,"duration":"7ms","query":{"limit":"50","offset":"0"}}
[2026-02-06 08:26:34] INFO: GET / | {"status":304,"duration":"2ms","query":{"year":"2026","month":"2"}}
[2026-02-06 08:26:34] INFO: GET / | {"status":304,"duration":"1ms","query":{"year":"2026","month":"2"}}
[2026-02-06 08:26:36] INFO: GET / | {"status":304,"duration":"1ms","query":{"year":"2026","month":"1"}}
[2026-02-06 08:26:37] INFO: POST /calculate | {"status":200,"duration":"93ms"}
[2026-02-06 08:26:37] INFO: GET / | {"status":304,"duration":"1ms","query":{"year":"2026","month":"1"}}
[2026-02-06 08:26:51] INFO: POST /calculate | {"status":200,"duration":"94ms"}
[2026-02-06 08:26:51] INFO: GET / | {"status":304,"duration":"1ms","query":{"year":"2026","month":"1"}}
[2026-02-06 08:27:00] INFO: POST /calculate | {"status":200,"duration":"92ms"}
[2026-02-06 08:27:00] INFO: GET / | {"status":304,"duration":"2ms","query":{"year":"2026","month":"1"}}
[2026-02-06 08:30:22] DEBUG: Getting list of all tables | {"context":"DBExplorerAPI"}
[2026-02-06 08:30:22] INFO: GET /tables | {"status":304,"duration":"4ms"}
[2026-02-06 08:30:22] DEBUG: Getting list of all tables | {"context":"DBExplorerAPI"}
[2026-02-06 08:30:22] INFO: GET /tables | {"status":304,"duration":"3ms"}
[2026-02-06 08:30:33] DEBUG: Getting table data | {"context":"DBExplorerAPI","tableName":"violation_summary","limit":50,"offset":0}
[2026-02-06 08:30:33] INFO: GET /tables/violation_summary | {"status":304,"duration":"5ms","query":{"limit":"50","offset":"0"}}
[2026-02-06 08:33:20] INFO: GET / | {"status":304,"duration":"1ms","query":{"year":"2026","month":"2"}}
[2026-02-06 08:33:20] INFO: GET / | {"status":304,"duration":"1ms","query":{"year":"2026","month":"2"}}
[2026-02-06 08:35:35] DEBUG: Getting list of all tables | {"context":"DBExplorerAPI"}
[2026-02-06 08:35:35] INFO: GET /tables | {"status":304,"duration":"3ms"}
[2026-02-06 08:35:35] DEBUG: Getting list of all tables | {"context":"DBExplorerAPI"}
[2026-02-06 08:35:35] INFO: GET /tables | {"status":304,"duration":"2ms"}
[2026-02-06 08:35:44] DEBUG: Getting table data | {"context":"DBExplorerAPI","tableName":"time_records","limit":50,"offset":0}
[2026-02-06 08:35:44] INFO: GET /tables/time_records | {"status":304,"duration":"3ms","query":{"limit":"50","offset":"0"}}
[2026-02-06 08:41:02] INFO: Initializing database...
[2026-02-06 08:41:02] INFO: Initializing database connection | {"path":"D:\\programming\\github\\Employee-Churn-Prediction\\hr-analytics\\server\\data\\hr_analytics.db"}
[2026-02-06 08:41:02] INFO: Loaded existing database
[2026-02-06 08:41:02] INFO: Database connection established successfully
[2026-02-06 08:41:02] INFO: Running database migrations...
[2026-02-06 08:41:02] INFO: Starting database migrations...
[2026-02-06 08:41:02] DEBUG: Migration 1/69 completed
[2026-02-06 08:41:02] DEBUG: Migration 2/69 completed
[2026-02-06 08:41:02] DEBUG: Migration 3/69 completed
[2026-02-06 08:41:02] DEBUG: Migration 4/69 completed
[2026-02-06 08:41:02] DEBUG: Migration 5/69 completed
[2026-02-06 08:41:02] DEBUG: Migration 6/69 completed
[2026-02-06 08:41:02] DEBUG: Migration 7/69 completed
[2026-02-06 08:41:02] DEBUG: Migration 8/69 completed
[2026-02-06 08:41:02] DEBUG: Migration 9/69 completed
[2026-02-06 08:41:02] DEBUG: Migration 10/69 completed
[2026-02-06 08:41:02] DEBUG: Migration 11/69 completed
[2026-02-06 08:41:02] DEBUG: Migration 12/69 completed
[2026-02-06 08:41:02] DEBUG: Migration 13/69 completed
[2026-02-06 08:41:02] DEBUG: Migration 14/69 completed
[2026-02-06 08:41:02] DEBUG: Migration 15/69 completed
[2026-02-06 08:41:02] DEBUG: Migration 16/69 completed
[2026-02-06 08:41:02] DEBUG: Migration 17/69 completed
[2026-02-06 08:41:02] DEBUG: Migration 18/69 completed
[2026-02-06 08:41:02] DEBUG: Migration 19/69 completed
[2026-02-06 08:41:02] DEBUG: Migration 20/69 completed
[2026-02-06 08:41:02] DEBUG: Migration 21/69 completed
[2026-02-06 08:41:02] DEBUG: Migration 22/69 completed
[2026-02-06 08:41:02] DEBUG: Migration 23/69 completed
[2026-02-06 08:41:02] DEBUG: Migration 24/69 completed
[2026-02-06 08:41:02] DEBUG: Migration 25/69 completed
[2026-02-06 08:41:02] DEBUG: Migration 26/69 completed
[2026-02-06 08:41:02] DEBUG: Migration 27/69 completed
[2026-02-06 08:41:02] DEBUG: Migration 28/69 completed
[2026-02-06 08:41:02] DEBUG: Migration 29/69 completed
[2026-02-06 08:41:02] DEBUG: Migration 30/69 completed
[2026-02-06 08:41:02] DEBUG: Migration 31/69 completed
[2026-02-06 08:41:02] DEBUG: Migration 32/69 completed
[2026-02-06 08:41:02] DEBUG: Migration 33/69 completed
[2026-02-06 08:41:02] DEBUG: Migration 34/69 completed
[2026-02-06 08:41:02] DEBUG: Migration 35/69 completed
[2026-02-06 08:41:02] DEBUG: Migration 36/69 completed
[2026-02-06 08:41:02] DEBUG: Migration 37/69 completed
[2026-02-06 08:41:02] DEBUG: Migration 38/69 completed
[2026-02-06 08:41:02] DEBUG: Migration 39/69 completed
[2026-02-06 08:41:02] DEBUG: Migration 40/69 completed
[2026-02-06 08:41:02] DEBUG: Migration 41/69 completed
[2026-02-06 08:41:02] DEBUG: Migration 42/69 completed
[2026-02-06 08:41:02] DEBUG: Migration 43/69 completed
[2026-02-06 08:41:02] DEBUG: Migration 44/69 skipped (column already exists)
[2026-02-06 08:41:02] DEBUG: Migration 45/69 skipped (column already exists)
[2026-02-06 08:41:02] DEBUG: Migration 46/69 skipped (column already exists)
[2026-02-06 08:41:02] DEBUG: Migration 47/69 completed
[2026-02-06 08:41:02] DEBUG: Migration 48/69 completed
[2026-02-06 08:41:02] DEBUG: Migration 49/69 skipped (column already exists)
[2026-02-06 08:41:02] DEBUG: Migration 50/69 skipped (column already exists)
[2026-02-06 08:41:02] DEBUG: Migration 51/69 skipped (column already exists)
[2026-02-06 08:41:02] DEBUG: Migration 52/69 skipped (column already exists)
[2026-02-06 08:41:02] DEBUG: Migration 53/69 skipped (column already exists)
[2026-02-06 08:41:02] DEBUG: Migration 54/69 skipped (column already exists)
[2026-02-06 08:41:02] DEBUG: Migration 55/69 skipped (column already exists)
[2026-02-06 08:41:02] DEBUG: Migration 56/69 completed
[2026-02-06 08:41:02] DEBUG: Migration 57/69 skipped (column already exists)
[2026-02-06 08:41:02] DEBUG: Migration 58/69 completed
[2026-02-06 08:41:02] DEBUG: Migration 59/69 skipped (column already exists)
[2026-02-06 08:41:02] DEBUG: Migration 60/69 skipped (column already exists)
[2026-02-06 08:41:02] DEBUG: Migration 61/69 skipped (column already exists)
[2026-02-06 08:41:02] DEBUG: Migration 62/69 completed
[2026-02-06 08:41:02] DEBUG: Migration 63/69 skipped (column already exists)
[2026-02-06 08:41:02] DEBUG: Migration 64/69 skipped (column already exists)
[2026-02-06 08:41:02] DEBUG: Migration 65/69 skipped (column already exists)
[2026-02-06 08:41:02] DEBUG: Migration 66/69 completed
[2026-02-06 08:41:02] DEBUG: Migration 67/69 completed
[2026-02-06 08:41:02] DEBUG: Migration 68/69 completed
[2026-02-06 08:41:02] DEBUG: Migration 69/69 completed
[2026-02-06 08:41:02] INFO: All 69 migrations completed successfully
[2026-02-06 08:41:02] INFO: 🚀 HR Analytics API server started | {"port":3001,"environment":"development","url":"http://localhost:3001"}
[2026-02-06 08:41:02] INFO: Available endpoints:
[2026-02-06 08:41:02] INFO:   GET  /api/health
[2026-02-06 08:41:02] INFO:   GET  /api/employees
[2026-02-06 08:41:02] INFO:   GET  /api/departments
[2026-02-06 08:41:02] INFO:   GET  /api/schedules
[2026-02-06 08:41:02] INFO:   POST /api/import/upload
[2026-02-06 08:41:02] INFO:   POST /api/import/recalculate
[2026-02-06 08:41:02] INFO:   GET  /api/settings/calculation
[2026-02-06 08:41:02] INFO:   GET  /api/violations/summary
[2026-02-06 08:41:02] INFO:   POST /api/violations/calculate
[2026-02-06 08:41:02] INFO:   GET  /api/penalties
[2026-02-06 08:41:02] INFO:   POST /api/penalties/calculate
[2026-02-06 08:41:10] INFO: GET / | {"status":304,"duration":"11ms","query":{"year":"2026","month":"2"}}
[2026-02-06 08:41:10] INFO: GET / | {"status":304,"duration":"2ms","query":{"year":"2026","month":"2"}}
[2026-02-06 08:41:12] INFO: GET / | {"status":304,"duration":"2ms","query":{"year":"2026","month":"1"}}
[2026-02-06 08:41:14] INFO: POST /calculate | {"status":200,"duration":"398ms"}
[2026-02-06 08:41:14] INFO: GET / | {"status":200,"duration":"6ms","query":{"year":"2026","month":"1"}}
[2026-02-06 08:43:03] DEBUG: Getting list of all tables | {"context":"DBExplorerAPI"}
[2026-02-06 08:43:03] INFO: GET /tables | {"status":200,"duration":"4ms"}
[2026-02-06 08:43:03] DEBUG: Getting list of all tables | {"context":"DBExplorerAPI"}
[2026-02-06 08:43:03] INFO: GET /tables | {"status":304,"duration":"3ms"}
[2026-02-06 08:43:05] INFO: Penalty rules fetched | {"context":"PenaltyAPI","year":2026,"month":2,"count":6}
[2026-02-06 08:43:05] INFO: GET /rules | {"status":304,"duration":"3ms","query":{"year":"2026","month":"2"}}
[2026-02-06 08:43:05] INFO: Penalty rules fetched | {"context":"PenaltyAPI","year":2026,"month":2,"count":6}
[2026-02-06 08:43:05] INFO: GET /rules | {"status":304,"duration":"2ms","query":{"year":"2026","month":"2"}}
[2026-02-06 08:43:07] INFO: Compensation records fetched | {"context":"CompensationAPI","count":0,"year":"2026","month":"2"}
[2026-02-06 08:43:07] INFO: GET / | {"status":304,"duration":"3ms","query":{"year":"2026","month":"2"}}
[2026-02-06 08:43:07] INFO: Compensation records fetched | {"context":"CompensationAPI","count":0,"year":"2026","month":"2"}
[2026-02-06 08:43:07] INFO: GET / | {"status":304,"duration":"2ms","query":{"year":"2026","month":"2"}}
[2026-02-06 08:43:08] INFO: GET / | {"status":304,"duration":"1ms","query":{"year":"2026","month":"2"}}
[2026-02-06 08:43:08] INFO: GET / | {"status":304,"duration":"1ms","query":{"year":"2026","month":"2"}}
[2026-02-06 08:44:28] DEBUG: Getting list of all tables | {"context":"DBExplorerAPI"}
[2026-02-06 08:44:28] INFO: GET /tables | {"status":304,"duration":"2ms"}
[2026-02-06 08:44:28] DEBUG: Getting list of all tables | {"context":"DBExplorerAPI"}
[2026-02-06 08:44:28] INFO: GET /tables | {"status":304,"duration":"2ms"}
[2026-02-06 08:44:30] DEBUG: Getting table data | {"context":"DBExplorerAPI","tableName":"employee_compensation","limit":50,"offset":0}
[2026-02-06 08:44:30] INFO: GET /tables/employee_compensation | {"status":304,"duration":"4ms","query":{"limit":"50","offset":"0"}}
[2026-02-06 08:44:54] DEBUG: Getting table data | {"context":"DBExplorerAPI","tableName":"employee_penalties","limit":50,"offset":0}
[2026-02-06 08:44:54] INFO: GET /tables/employee_penalties | {"status":200,"duration":"3ms","query":{"limit":"50","offset":"0"}}
[2026-02-06 08:45:52] INFO: GET / | {"status":304,"duration":"2ms","query":{"year":"2026","month":"2"}}
[2026-02-06 08:45:52] INFO: GET / | {"status":304,"duration":"2ms","query":{"year":"2026","month":"2"}}
[2026-02-06 08:45:54] INFO: GET / | {"status":304,"duration":"3ms","query":{"year":"2026","month":"1"}}
[2026-02-06 08:48:26] INFO: GET / | {"status":304,"duration":"3ms","query":{"year":"2026","month":"1"}}
[2026-02-06 08:48:49] INFO: GET / | {"status":304,"duration":"2ms","query":{"year":"2026","month":"1"}}
[2026-02-06 08:49:10] INFO: GET / | {"status":304,"duration":"2ms","query":{"year":"2026","month":"1"}}
[2026-02-06 08:49:34] INFO: GET / | {"status":304,"duration":"2ms","query":{"year":"2026","month":"1"}}
[2026-02-06 08:49:52] INFO: GET / | {"status":304,"duration":"2ms","query":{"year":"2026","month":"1"}}
[2026-02-06 08:50:34] INFO: POST /calculate | {"status":200,"duration":"343ms"}
[2026-02-06 08:50:34] INFO: GET / | {"status":304,"duration":"5ms","query":{"year":"2026","month":"1"}}
[2026-02-06 08:51:32] INFO: Initializing database...
[2026-02-06 08:51:32] INFO: Initializing database connection | {"path":"D:\\programming\\github\\Employee-Churn-Prediction\\hr-analytics\\server\\data\\hr_analytics.db"}
[2026-02-06 08:51:32] INFO: Loaded existing database
[2026-02-06 08:51:32] INFO: Database connection established successfully
[2026-02-06 08:51:32] INFO: Running database migrations...
[2026-02-06 08:51:32] INFO: Starting database migrations...
[2026-02-06 08:51:32] DEBUG: Migration 1/69 completed
[2026-02-06 08:51:32] DEBUG: Migration 2/69 completed
[2026-02-06 08:51:32] DEBUG: Migration 3/69 completed
[2026-02-06 08:51:32] DEBUG: Migration 4/69 completed
[2026-02-06 08:51:32] DEBUG: Migration 5/69 completed
[2026-02-06 08:51:32] DEBUG: Migration 6/69 completed
[2026-02-06 08:51:32] DEBUG: Migration 7/69 completed
[2026-02-06 08:51:32] DEBUG: Migration 8/69 completed
[2026-02-06 08:51:32] DEBUG: Migration 9/69 completed
[2026-02-06 08:51:32] DEBUG: Migration 10/69 completed
[2026-02-06 08:51:32] DEBUG: Migration 11/69 completed
[2026-02-06 08:51:32] DEBUG: Migration 12/69 completed
[2026-02-06 08:51:32] DEBUG: Migration 13/69 completed
[2026-02-06 08:51:32] DEBUG: Migration 14/69 completed
[2026-02-06 08:51:32] DEBUG: Migration 15/69 completed
[2026-02-06 08:51:32] DEBUG: Migration 16/69 completed
[2026-02-06 08:51:32] DEBUG: Migration 17/69 completed
[2026-02-06 08:51:32] DEBUG: Migration 18/69 completed
[2026-02-06 08:51:32] DEBUG: Migration 19/69 completed
[2026-02-06 08:51:32] DEBUG: Migration 20/69 completed
[2026-02-06 08:51:32] DEBUG: Migration 21/69 completed
[2026-02-06 08:51:32] DEBUG: Migration 22/69 completed
[2026-02-06 08:51:32] DEBUG: Migration 23/69 completed
[2026-02-06 08:51:32] DEBUG: Migration 24/69 completed
[2026-02-06 08:51:32] DEBUG: Migration 25/69 completed
[2026-02-06 08:51:32] DEBUG: Migration 26/69 completed
[2026-02-06 08:51:32] DEBUG: Migration 27/69 completed
[2026-02-06 08:51:32] DEBUG: Migration 28/69 completed
[2026-02-06 08:51:32] DEBUG: Migration 29/69 completed
[2026-02-06 08:51:32] DEBUG: Migration 30/69 completed
[2026-02-06 08:51:32] DEBUG: Migration 31/69 completed
[2026-02-06 08:51:32] DEBUG: Migration 32/69 completed
[2026-02-06 08:51:32] DEBUG: Migration 33/69 completed
[2026-02-06 08:51:32] DEBUG: Migration 34/69 completed
[2026-02-06 08:51:32] DEBUG: Migration 35/69 completed
[2026-02-06 08:51:32] DEBUG: Migration 36/69 completed
[2026-02-06 08:51:32] DEBUG: Migration 37/69 completed
[2026-02-06 08:51:32] DEBUG: Migration 38/69 completed
[2026-02-06 08:51:32] DEBUG: Migration 39/69 completed
[2026-02-06 08:51:32] DEBUG: Migration 40/69 completed
[2026-02-06 08:51:32] DEBUG: Migration 41/69 completed
[2026-02-06 08:51:32] DEBUG: Migration 42/69 completed
[2026-02-06 08:51:32] DEBUG: Migration 43/69 completed
[2026-02-06 08:51:32] DEBUG: Migration 44/69 skipped (column already exists)
[2026-02-06 08:51:32] DEBUG: Migration 45/69 skipped (column already exists)
[2026-02-06 08:51:32] DEBUG: Migration 46/69 skipped (column already exists)
[2026-02-06 08:51:32] DEBUG: Migration 47/69 completed
[2026-02-06 08:51:32] DEBUG: Migration 48/69 completed
[2026-02-06 08:51:32] DEBUG: Migration 49/69 skipped (column already exists)
[2026-02-06 08:51:32] DEBUG: Migration 50/69 skipped (column already exists)
[2026-02-06 08:51:32] DEBUG: Migration 51/69 skipped (column already exists)
[2026-02-06 08:51:32] DEBUG: Migration 52/69 skipped (column already exists)
[2026-02-06 08:51:32] DEBUG: Migration 53/69 skipped (column already exists)
[2026-02-06 08:51:32] DEBUG: Migration 54/69 skipped (column already exists)
[2026-02-06 08:51:32] DEBUG: Migration 55/69 skipped (column already exists)
[2026-02-06 08:51:32] DEBUG: Migration 56/69 completed
[2026-02-06 08:51:32] DEBUG: Migration 57/69 skipped (column already exists)
[2026-02-06 08:51:32] DEBUG: Migration 58/69 completed
[2026-02-06 08:51:32] DEBUG: Migration 59/69 skipped (column already exists)
[2026-02-06 08:51:32] DEBUG: Migration 60/69 skipped (column already exists)
[2026-02-06 08:51:32] DEBUG: Migration 61/69 skipped (column already exists)
[2026-02-06 08:51:32] DEBUG: Migration 62/69 completed
[2026-02-06 08:51:32] DEBUG: Migration 63/69 skipped (column already exists)
[2026-02-06 08:51:32] DEBUG: Migration 64/69 skipped (column already exists)
[2026-02-06 08:51:32] DEBUG: Migration 65/69 skipped (column already exists)
[2026-02-06 08:51:32] DEBUG: Migration 66/69 completed
[2026-02-06 08:51:32] DEBUG: Migration 67/69 completed
[2026-02-06 08:51:32] DEBUG: Migration 68/69 completed
[2026-02-06 08:51:32] DEBUG: Migration 69/69 completed
[2026-02-06 08:51:32] INFO: All 69 migrations completed successfully
[2026-02-06 08:51:32] INFO: 🚀 HR Analytics API server started | {"port":3001,"environment":"development","url":"http://localhost:3001"}
[2026-02-06 08:51:32] INFO: Available endpoints:
[2026-02-06 08:51:32] INFO:   GET  /api/health
[2026-02-06 08:51:32] INFO:   GET  /api/employees
[2026-02-06 08:51:32] INFO:   GET  /api/departments
[2026-02-06 08:51:32] INFO:   GET  /api/schedules
[2026-02-06 08:51:32] INFO:   POST /api/import/upload
[2026-02-06 08:51:32] INFO:   POST /api/import/recalculate
[2026-02-06 08:51:32] INFO:   GET  /api/settings/calculation
[2026-02-06 08:51:32] INFO:   GET  /api/violations/summary
[2026-02-06 08:51:32] INFO:   POST /api/violations/calculate
[2026-02-06 08:51:32] INFO:   GET  /api/penalties
[2026-02-06 08:51:32] INFO:   POST /api/penalties/calculate
[2026-02-06 08:51:42] INFO: GET / | {"status":304,"duration":"9ms","query":{"year":"2026","month":"2"}}
[2026-02-06 08:51:42] INFO: GET / | {"status":304,"duration":"2ms","query":{"year":"2026","month":"2"}}
[2026-02-06 08:51:44] INFO: GET / | {"status":200,"duration":"15ms","query":{"year":"2026","month":"1"}}
[2026-02-06 08:51:48] INFO: POST /calculate | {"status":200,"duration":"432ms"}
[2026-02-06 08:51:48] INFO: GET / | {"status":304,"duration":"7ms","query":{"year":"2026","month":"1"}}
[2026-02-06 08:52:45] INFO: Compensation records fetched | {"context":"CompensationAPI","count":0,"year":"2026","month":"2"}
[2026-02-06 08:52:45] INFO: GET / | {"status":304,"duration":"3ms","query":{"year":"2026","month":"2"}}
[2026-02-06 08:52:45] INFO: Compensation records fetched | {"context":"CompensationAPI","count":0,"year":"2026","month":"2"}
[2026-02-06 08:52:45] INFO: GET / | {"status":304,"duration":"2ms","query":{"year":"2026","month":"2"}}
[2026-02-06 08:52:48] INFO: Generating compensation template with employee data | {"context":"CompensationAPI"}
[2026-02-06 08:52:48] INFO: Template generated successfully | {"context":"CompensationAPI","employeeCount":74}
[2026-02-06 08:52:48] INFO: GET /template | {"status":200,"duration":"60ms"}
